TimeQuest Timing Analyzer report for 4bit_adder
Thu Aug 15 23:46:37 2019
Quartus II 64-Bit Version 15.0.2 Build 153 07/15/2015 SJ Web Edition


---------------------
; Table of Contents ;
---------------------
  1. Legal Notice
  2. TimeQuest Timing Analyzer Summary
  3. Parallel Compilation
  4. Clocks
  5. Slow 1100mV 85C Model Fmax Summary
  6. Timing Closure Recommendations
  7. Slow 1100mV 85C Model Setup Summary
  8. Slow 1100mV 85C Model Hold Summary
  9. Slow 1100mV 85C Model Recovery Summary
 10. Slow 1100mV 85C Model Removal Summary
 11. Slow 1100mV 85C Model Minimum Pulse Width Summary
 12. Propagation Delay
 13. Minimum Propagation Delay
 14. Slow 1100mV 85C Model Metastability Summary
 15. Slow 1100mV 0C Model Fmax Summary
 16. Slow 1100mV 0C Model Setup Summary
 17. Slow 1100mV 0C Model Hold Summary
 18. Slow 1100mV 0C Model Recovery Summary
 19. Slow 1100mV 0C Model Removal Summary
 20. Slow 1100mV 0C Model Minimum Pulse Width Summary
 21. Propagation Delay
 22. Minimum Propagation Delay
 23. Slow 1100mV 0C Model Metastability Summary
 24. Fast 1100mV 85C Model Setup Summary
 25. Fast 1100mV 85C Model Hold Summary
 26. Fast 1100mV 85C Model Recovery Summary
 27. Fast 1100mV 85C Model Removal Summary
 28. Fast 1100mV 85C Model Minimum Pulse Width Summary
 29. Propagation Delay
 30. Minimum Propagation Delay
 31. Fast 1100mV 85C Model Metastability Summary
 32. Fast 1100mV 0C Model Setup Summary
 33. Fast 1100mV 0C Model Hold Summary
 34. Fast 1100mV 0C Model Recovery Summary
 35. Fast 1100mV 0C Model Removal Summary
 36. Fast 1100mV 0C Model Minimum Pulse Width Summary
 37. Propagation Delay
 38. Minimum Propagation Delay
 39. Fast 1100mV 0C Model Metastability Summary
 40. Multicorner Timing Analysis Summary
 41. Propagation Delay
 42. Minimum Propagation Delay
 43. Board Trace Model Assignments
 44. Input Transition Times
 45. Signal Integrity Metrics (Slow 1100mv 0c Model)
 46. Signal Integrity Metrics (Slow 1100mv 85c Model)
 47. Signal Integrity Metrics (Fast 1100mv 0c Model)
 48. Signal Integrity Metrics (Fast 1100mv 85c Model)
 49. Clock Transfers
 50. Report TCCS
 51. Report RSKM
 52. Unconstrained Paths
 53. TimeQuest Timing Analyzer Messages



----------------
; Legal Notice ;
----------------
Copyright (C) 1991-2015 Altera Corporation. All rights reserved.
Your use of Altera Corporation's design tools, logic functions 
and other software and tools, and its AMPP partner logic 
functions, and any output files from any of the foregoing 
(including device programming or simulation files), and any 
associated documentation or information are expressly subject 
to the terms and conditions of the Altera Program License 
Subscription Agreement, the Altera Quartus II License Agreement,
the Altera MegaCore Function License Agreement, or other 
applicable license agreement, including, without limitation, 
that your use is for the sole purpose of programming logic 
devices manufactured by Altera and sold by Altera or its 
authorized distributors.  Please refer to the applicable 
agreement for further details.



+-------------------------------------------------------------------------+
; TimeQuest Timing Analyzer Summary                                       ;
+--------------------+----------------------------------------------------+
; Quartus II Version ; Version 15.0.2 Build 153 07/15/2015 SJ Web Edition ;
; Revision Name      ; 4bit_adder                                         ;
; Device Family      ; Cyclone V                                          ;
; Device Name        ; 5CSXFC6D6F31C8                                     ;
; Timing Models      ; Final                                              ;
; Delay Model        ; Combined                                           ;
; Rise/Fall Delays   ; Enabled                                            ;
+--------------------+----------------------------------------------------+


Parallel compilation was disabled, but you have multiple processors available. Enable parallel compilation to reduce compilation time.
+-------------------------------------+
; Parallel Compilation                ;
+----------------------------+--------+
; Processors                 ; Number ;
+----------------------------+--------+
; Number detected on machine ; 4      ;
; Maximum allowed            ; 1      ;
+----------------------------+--------+


----------
; Clocks ;
----------
No clocks to report.


--------------------------------------
; Slow 1100mV 85C Model Fmax Summary ;
--------------------------------------
No paths to report.


----------------------------------
; Timing Closure Recommendations ;
----------------------------------
HTML report is unavailable in plain text report export.


---------------------------------------
; Slow 1100mV 85C Model Setup Summary ;
---------------------------------------
No paths to report.


--------------------------------------
; Slow 1100mV 85C Model Hold Summary ;
--------------------------------------
No paths to report.


------------------------------------------
; Slow 1100mV 85C Model Recovery Summary ;
------------------------------------------
No paths to report.


-----------------------------------------
; Slow 1100mV 85C Model Removal Summary ;
-----------------------------------------
No paths to report.


-----------------------------------------------------
; Slow 1100mV 85C Model Minimum Pulse Width Summary ;
-----------------------------------------------------
No paths to report.


+----------------------------------------------------------+
; Propagation Delay                                        ;
+------------+-------------+-------+-------+-------+-------+
; Input Port ; Output Port ; RR    ; RF    ; FR    ; FF    ;
+------------+-------------+-------+-------+-------+-------+
; A1         ; C4          ; 9.445 ;       ;       ; 9.734 ;
; A1         ; S1          ; 8.092 ; 8.221 ; 8.123 ; 8.233 ;
; A1         ; S2          ; 8.861 ; 9.008 ; 8.858 ; 9.014 ;
; A1         ; S3          ; 8.888 ; 9.029 ; 8.886 ; 9.036 ;
; A1         ; S4          ; 9.075 ; 9.278 ; 9.374 ; 9.379 ;
; A2         ; C4          ; 8.939 ;       ;       ; 9.212 ;
; A2         ; S2          ; 8.234 ; 8.407 ; 8.329 ; 8.478 ;
; A2         ; S3          ; 8.220 ; 8.385 ; 8.312 ; 8.458 ;
; A2         ; S4          ; 8.569 ; 8.772 ; 8.852 ; 8.857 ;
; A3         ; C4          ; 8.467 ;       ;       ; 8.491 ;
; A3         ; S3          ; 8.332 ; 8.574 ; 8.284 ; 8.540 ;
; A3         ; S4          ; 8.312 ; 8.355 ; 8.205 ; 8.257 ;
; A4         ; C4          ; 8.084 ;       ;       ; 8.296 ;
; A4         ; S4          ; 8.106 ; 8.238 ; 8.014 ; 8.207 ;
; B1         ; C4          ; 9.334 ;       ;       ; 9.475 ;
; B1         ; S1          ; 8.401 ; 8.518 ; 8.368 ; 8.471 ;
; B1         ; S2          ; 8.440 ; 8.688 ; 8.408 ; 8.671 ;
; B1         ; S3          ; 8.614 ; 8.767 ; 8.581 ; 8.720 ;
; B1         ; S4          ; 8.964 ; 9.167 ; 9.115 ; 9.120 ;
; B2         ; C4          ; 8.751 ;       ;       ; 8.886 ;
; B2         ; S2          ; 7.930 ; 8.171 ; 8.083 ; 8.201 ;
; B2         ; S3          ; 8.030 ; 8.253 ; 7.982 ; 8.132 ;
; B2         ; S4          ; 8.381 ; 8.584 ; 8.526 ; 8.531 ;
; B3         ; C4          ; 8.366 ;       ;       ; 8.550 ;
; B3         ; S3          ; 8.842 ; 9.083 ; 8.900 ; 9.122 ;
; B3         ; S4          ; 8.217 ; 8.292 ; 8.274 ; 8.326 ;
; B4         ; C4          ; 9.035 ;       ;       ; 9.171 ;
; B4         ; S4          ; 8.880 ; 8.935 ; 8.896 ; 8.937 ;
+------------+-------------+-------+-------+-------+-------+


+----------------------------------------------------------+
; Minimum Propagation Delay                                ;
+------------+-------------+-------+-------+-------+-------+
; Input Port ; Output Port ; RR    ; RF    ; FR    ; FF    ;
+------------+-------------+-------+-------+-------+-------+
; A1         ; C4          ; 8.487 ;       ;       ; 8.745 ;
; A1         ; S1          ; 7.453 ; 7.573 ; 7.477 ; 7.584 ;
; A1         ; S2          ; 8.066 ; 8.223 ; 8.079 ; 8.224 ;
; A1         ; S3          ; 8.092 ; 8.243 ; 8.104 ; 8.243 ;
; A1         ; S4          ; 8.111 ; 8.295 ; 8.379 ; 8.459 ;
; A2         ; C4          ; 8.134 ;       ;       ; 8.279 ;
; A2         ; S2          ; 7.537 ; 7.679 ; 7.581 ; 7.708 ;
; A2         ; S3          ; 7.525 ; 7.659 ; 7.568 ; 7.689 ;
; A2         ; S4          ; 7.758 ; 7.942 ; 7.913 ; 7.993 ;
; A3         ; C4          ; 7.726 ;       ;       ; 7.787 ;
; A3         ; S3          ; 7.511 ; 7.748 ; 7.562 ; 7.699 ;
; A3         ; S4          ; 7.553 ; 7.598 ; 7.473 ; 7.506 ;
; A4         ; C4          ; 7.389 ;       ;       ; 7.615 ;
; A4         ; S4          ; 7.402 ; 7.417 ; 7.317 ; 7.385 ;
; B1         ; C4          ; 8.441 ;       ;       ; 8.527 ;
; B1         ; S1          ; 7.636 ; 7.772 ; 7.596 ; 7.728 ;
; B1         ; S2          ; 7.594 ; 7.838 ; 7.652 ; 7.795 ;
; B1         ; S3          ; 7.832 ; 7.982 ; 7.791 ; 7.937 ;
; B1         ; S4          ; 8.065 ; 8.249 ; 8.161 ; 8.241 ;
; B2         ; C4          ; 7.945 ;       ;       ; 8.069 ;
; B2         ; S2          ; 7.255 ; 7.482 ; 7.385 ; 7.543 ;
; B2         ; S3          ; 7.337 ; 7.574 ; 7.312 ; 7.479 ;
; B2         ; S4          ; 7.569 ; 7.753 ; 7.703 ; 7.783 ;
; B3         ; C4          ; 7.681 ;       ;       ; 7.809 ;
; B3         ; S3          ; 7.953 ; 8.204 ; 8.039 ; 8.209 ;
; B3         ; S4          ; 7.514 ; 7.555 ; 7.518 ; 7.544 ;
; B4         ; C4          ; 8.240 ;       ;       ; 8.356 ;
; B4         ; S4          ; 8.067 ; 8.112 ; 8.035 ; 8.074 ;
+------------+-------------+-------+-------+-------+-------+


-----------------------------------------------
; Slow 1100mV 85C Model Metastability Summary ;
-----------------------------------------------
No synchronizer chains to report.


-------------------------------------
; Slow 1100mV 0C Model Fmax Summary ;
-------------------------------------
No paths to report.


--------------------------------------
; Slow 1100mV 0C Model Setup Summary ;
--------------------------------------
No paths to report.


-------------------------------------
; Slow 1100mV 0C Model Hold Summary ;
-------------------------------------
No paths to report.


-----------------------------------------
; Slow 1100mV 0C Model Recovery Summary ;
-----------------------------------------
No paths to report.


----------------------------------------
; Slow 1100mV 0C Model Removal Summary ;
----------------------------------------
No paths to report.


----------------------------------------------------
; Slow 1100mV 0C Model Minimum Pulse Width Summary ;
----------------------------------------------------
No paths to report.


+----------------------------------------------------------+
; Propagation Delay                                        ;
+------------+-------------+-------+-------+-------+-------+
; Input Port ; Output Port ; RR    ; RF    ; FR    ; FF    ;
+------------+-------------+-------+-------+-------+-------+
; A1         ; C4          ; 9.346 ;       ;       ; 9.729 ;
; A1         ; S1          ; 7.914 ; 8.035 ; 7.977 ; 8.075 ;
; A1         ; S2          ; 8.753 ; 8.890 ; 8.768 ; 8.915 ;
; A1         ; S3          ; 8.776 ; 8.903 ; 8.791 ; 8.928 ;
; A1         ; S4          ; 8.904 ; 9.144 ; 9.210 ; 9.241 ;
; A2         ; C4          ; 8.744 ;       ;       ; 9.057 ;
; A2         ; S2          ; 7.972 ; 8.140 ; 8.108 ; 8.247 ;
; A2         ; S3          ; 7.963 ; 8.119 ; 8.091 ; 8.224 ;
; A2         ; S4          ; 8.302 ; 8.542 ; 8.538 ; 8.569 ;
; A3         ; C4          ; 8.390 ;       ;       ; 8.414 ;
; A3         ; S3          ; 8.203 ; 8.454 ; 8.122 ; 8.435 ;
; A3         ; S4          ; 8.198 ; 8.237 ; 8.095 ; 8.144 ;
; A4         ; C4          ; 7.858 ;       ;       ; 8.090 ;
; A4         ; S4          ; 7.883 ; 8.031 ; 7.834 ; 8.053 ;
; B1         ; C4          ; 9.230 ;       ;       ; 9.411 ;
; B1         ; S1          ; 8.262 ; 8.368 ; 8.266 ; 8.355 ;
; B1         ; S2          ; 8.241 ; 8.502 ; 8.208 ; 8.531 ;
; B1         ; S3          ; 8.450 ; 8.591 ; 8.454 ; 8.578 ;
; B1         ; S4          ; 8.788 ; 9.028 ; 8.892 ; 8.923 ;
; B2         ; C4          ; 8.600 ;       ;       ; 8.758 ;
; B2         ; S2          ; 7.717 ; 7.971 ; 7.896 ; 8.007 ;
; B2         ; S3          ; 7.818 ; 8.046 ; 7.772 ; 7.925 ;
; B2         ; S4          ; 8.158 ; 8.398 ; 8.239 ; 8.270 ;
; B3         ; C4          ; 8.108 ;       ;       ; 8.360 ;
; B3         ; S3          ; 8.596 ; 8.846 ; 8.667 ; 8.990 ;
; B3         ; S4          ; 7.913 ; 7.994 ; 8.048 ; 8.101 ;
; B4         ; C4          ; 8.824 ;       ;       ; 9.012 ;
; B4         ; S4          ; 8.633 ; 8.686 ; 8.706 ; 8.742 ;
+------------+-------------+-------+-------+-------+-------+


+----------------------------------------------------------+
; Minimum Propagation Delay                                ;
+------------+-------------+-------+-------+-------+-------+
; Input Port ; Output Port ; RR    ; RF    ; FR    ; FF    ;
+------------+-------------+-------+-------+-------+-------+
; A1         ; C4          ; 8.367 ;       ;       ; 8.613 ;
; A1         ; S1          ; 7.289 ; 7.405 ; 7.340 ; 7.441 ;
; A1         ; S2          ; 7.940 ; 8.109 ; 7.968 ; 8.125 ;
; A1         ; S3          ; 7.962 ; 8.123 ; 7.990 ; 8.139 ;
; A1         ; S4          ; 7.923 ; 8.144 ; 8.122 ; 8.211 ;
; A2         ; C4          ; 7.946 ;       ;       ; 8.131 ;
; A2         ; S2          ; 7.279 ; 7.430 ; 7.360 ; 7.492 ;
; A2         ; S3          ; 7.271 ; 7.411 ; 7.347 ; 7.472 ;
; A2         ; S4          ; 7.502 ; 7.723 ; 7.640 ; 7.729 ;
; A3         ; C4          ; 7.648 ;       ;       ; 7.717 ;
; A3         ; S3          ; 7.349 ; 7.620 ; 7.406 ; 7.524 ;
; A3         ; S4          ; 7.441 ; 7.493 ; 7.361 ; 7.401 ;
; A4         ; C4          ; 7.175 ;       ;       ; 7.425 ;
; A4         ; S4          ; 7.190 ; 7.215 ; 7.146 ; 7.229 ;
; B1         ; C4          ; 8.330 ;       ;       ; 8.459 ;
; B1         ; S1          ; 7.495 ; 7.632 ; 7.485 ; 7.617 ;
; B1         ; S2          ; 7.364 ; 7.643 ; 7.459 ; 7.586 ;
; B1         ; S3          ; 7.653 ; 7.814 ; 7.644 ; 7.800 ;
; B1         ; S4          ; 7.886 ; 8.107 ; 7.968 ; 8.057 ;
; B2         ; C4          ; 7.798 ;       ;       ; 7.944 ;
; B2         ; S2          ; 7.044 ; 7.289 ; 7.194 ; 7.361 ;
; B2         ; S3          ; 7.123 ; 7.379 ; 7.101 ; 7.284 ;
; B2         ; S4          ; 7.354 ; 7.575 ; 7.453 ; 7.542 ;
; B3         ; C4          ; 7.441 ;       ;       ; 7.638 ;
; B3         ; S3          ; 7.682 ; 7.969 ; 7.861 ; 7.961 ;
; B3         ; S4          ; 7.230 ; 7.282 ; 7.305 ; 7.338 ;
; B4         ; C4          ; 8.030 ;       ;       ; 8.213 ;
; B4         ; S4          ; 7.824 ; 7.875 ; 7.850 ; 7.897 ;
+------------+-------------+-------+-------+-------+-------+


----------------------------------------------
; Slow 1100mV 0C Model Metastability Summary ;
----------------------------------------------
No synchronizer chains to report.


---------------------------------------
; Fast 1100mV 85C Model Setup Summary ;
---------------------------------------
No paths to report.


--------------------------------------
; Fast 1100mV 85C Model Hold Summary ;
--------------------------------------
No paths to report.


------------------------------------------
; Fast 1100mV 85C Model Recovery Summary ;
------------------------------------------
No paths to report.


-----------------------------------------
; Fast 1100mV 85C Model Removal Summary ;
-----------------------------------------
No paths to report.


-----------------------------------------------------
; Fast 1100mV 85C Model Minimum Pulse Width Summary ;
-----------------------------------------------------
No paths to report.


+----------------------------------------------------------+
; Propagation Delay                                        ;
+------------+-------------+-------+-------+-------+-------+
; Input Port ; Output Port ; RR    ; RF    ; FR    ; FF    ;
+------------+-------------+-------+-------+-------+-------+
; A1         ; C4          ; 4.313 ;       ;       ; 5.034 ;
; A1         ; S1          ; 3.852 ; 4.040 ; 4.314 ; 4.501 ;
; A1         ; S2          ; 4.067 ; 4.278 ; 4.518 ; 4.731 ;
; A1         ; S3          ; 4.102 ; 4.312 ; 4.554 ; 4.766 ;
; A1         ; S4          ; 4.167 ; 4.338 ; 4.703 ; 4.827 ;
; A2         ; C4          ; 4.108 ;       ;       ; 4.820 ;
; A2         ; S2          ; 3.856 ; 4.063 ; 4.349 ; 4.553 ;
; A2         ; S3          ; 3.859 ; 4.066 ; 4.347 ; 4.553 ;
; A2         ; S4          ; 3.962 ; 4.133 ; 4.489 ; 4.613 ;
; A3         ; C4          ; 3.876 ;       ;       ; 4.442 ;
; A3         ; S3          ; 3.854 ; 4.104 ; 4.225 ; 4.474 ;
; A3         ; S4          ; 3.782 ; 3.922 ; 4.149 ; 4.291 ;
; A4         ; C4          ; 3.773 ;       ;       ; 4.378 ;
; A4         ; S4          ; 3.721 ; 3.878 ; 4.108 ; 4.286 ;
; B1         ; C4          ; 4.212 ;       ;       ; 4.843 ;
; B1         ; S1          ; 3.889 ; 4.083 ; 4.291 ; 4.482 ;
; B1         ; S2          ; 3.897 ; 4.146 ; 4.288 ; 4.537 ;
; B1         ; S3          ; 3.964 ; 4.177 ; 4.366 ; 4.576 ;
; B1         ; S4          ; 4.066 ; 4.237 ; 4.512 ; 4.636 ;
; B2         ; C4          ; 4.031 ;       ;       ; 4.620 ;
; B2         ; S2          ; 3.730 ; 3.957 ; 4.152 ; 4.349 ;
; B2         ; S3          ; 3.783 ; 4.006 ; 4.152 ; 4.352 ;
; B2         ; S4          ; 3.885 ; 4.056 ; 4.289 ; 4.413 ;
; B3         ; C4          ; 3.919 ;       ;       ; 4.607 ;
; B3         ; S3          ; 4.090 ; 4.334 ; 4.574 ; 4.825 ;
; B3         ; S4          ; 3.829 ; 3.966 ; 4.329 ; 4.463 ;
; B4         ; C4          ; 4.188 ;       ;       ; 4.867 ;
; B4         ; S4          ; 4.094 ; 4.236 ; 4.576 ; 4.716 ;
+------------+-------------+-------+-------+-------+-------+


+----------------------------------------------------------+
; Minimum Propagation Delay                                ;
+------------+-------------+-------+-------+-------+-------+
; Input Port ; Output Port ; RR    ; RF    ; FR    ; FF    ;
+------------+-------------+-------+-------+-------+-------+
; A1         ; C4          ; 4.006 ;       ;       ; 4.657 ;
; A1         ; S1          ; 3.628 ; 3.810 ; 4.080 ; 4.261 ;
; A1         ; S2          ; 3.797 ; 4.002 ; 4.244 ; 4.445 ;
; A1         ; S3          ; 3.829 ; 4.034 ; 4.275 ; 4.477 ;
; A1         ; S4          ; 3.851 ; 4.018 ; 4.339 ; 4.474 ;
; A2         ; C4          ; 3.823 ;       ;       ; 4.471 ;
; A2         ; S2          ; 3.599 ; 3.793 ; 4.062 ; 4.253 ;
; A2         ; S3          ; 3.603 ; 3.797 ; 4.061 ; 4.254 ;
; A2         ; S4          ; 3.668 ; 3.835 ; 4.153 ; 4.288 ;
; A3         ; C4          ; 3.630 ;       ;       ; 4.192 ;
; A3         ; S3          ; 3.586 ; 3.797 ; 3.979 ; 4.165 ;
; A3         ; S4          ; 3.530 ; 3.659 ; 3.898 ; 4.023 ;
; A4         ; C4          ; 3.528 ;       ;       ; 4.132 ;
; A4         ; S4          ; 3.481 ; 3.591 ; 3.858 ; 3.989 ;
; B1         ; C4          ; 3.913 ;       ;       ; 4.506 ;
; B1         ; S1          ; 3.632 ; 3.826 ; 4.025 ; 4.216 ;
; B1         ; S2          ; 3.619 ; 3.829 ; 4.026 ; 4.211 ;
; B1         ; S3          ; 3.693 ; 3.899 ; 4.085 ; 4.288 ;
; B1         ; S4          ; 3.758 ; 3.925 ; 4.188 ; 4.323 ;
; B2         ; C4          ; 3.753 ;       ;       ; 4.330 ;
; B2         ; S2          ; 3.487 ; 3.711 ; 3.903 ; 4.109 ;
; B2         ; S3          ; 3.534 ; 3.763 ; 3.908 ; 4.113 ;
; B2         ; S4          ; 3.598 ; 3.765 ; 4.012 ; 4.147 ;
; B3         ; C4          ; 3.677 ;       ;       ; 4.323 ;
; B3         ; S3          ; 3.793 ; 4.004 ; 4.267 ; 4.456 ;
; B3         ; S4          ; 3.580 ; 3.700 ; 4.045 ; 4.162 ;
; B4         ; C4          ; 3.907 ;       ;       ; 4.560 ;
; B4         ; S4          ; 3.807 ; 3.936 ; 4.264 ; 4.391 ;
+------------+-------------+-------+-------+-------+-------+


-----------------------------------------------
; Fast 1100mV 85C Model Metastability Summary ;
-----------------------------------------------
No synchronizer chains to report.


--------------------------------------
; Fast 1100mV 0C Model Setup Summary ;
--------------------------------------
No paths to report.


-------------------------------------
; Fast 1100mV 0C Model Hold Summary ;
-------------------------------------
No paths to report.


-----------------------------------------
; Fast 1100mV 0C Model Recovery Summary ;
-----------------------------------------
No paths to report.


----------------------------------------
; Fast 1100mV 0C Model Removal Summary ;
----------------------------------------
No paths to report.


----------------------------------------------------
; Fast 1100mV 0C Model Minimum Pulse Width Summary ;
----------------------------------------------------
No paths to report.


+----------------------------------------------------------+
; Propagation Delay                                        ;
+------------+-------------+-------+-------+-------+-------+
; Input Port ; Output Port ; RR    ; RF    ; FR    ; FF    ;
+------------+-------------+-------+-------+-------+-------+
; A1         ; C4          ; 4.104 ;       ;       ; 4.756 ;
; A1         ; S1          ; 3.626 ; 3.776 ; 4.086 ; 4.233 ;
; A1         ; S2          ; 3.860 ; 4.009 ; 4.307 ; 4.458 ;
; A1         ; S3          ; 3.890 ; 4.038 ; 4.338 ; 4.489 ;
; A1         ; S4          ; 3.922 ; 4.065 ; 4.444 ; 4.539 ;
; A2         ; C4          ; 3.904 ;       ;       ; 4.544 ;
; A2         ; S2          ; 3.646 ; 3.795 ; 4.135 ; 4.279 ;
; A2         ; S3          ; 3.650 ; 3.797 ; 4.134 ; 4.278 ;
; A2         ; S4          ; 3.722 ; 3.865 ; 4.232 ; 4.327 ;
; A3         ; C4          ; 3.694 ;       ;       ; 4.208 ;
; A3         ; S3          ; 3.660 ; 3.843 ; 4.031 ; 4.231 ;
; A3         ; S4          ; 3.573 ; 3.681 ; 3.952 ; 4.063 ;
; A4         ; C4          ; 3.558 ;       ;       ; 4.114 ;
; A4         ; S4          ; 3.487 ; 3.613 ; 3.891 ; 4.040 ;
; B1         ; C4          ; 4.019 ;       ;       ; 4.595 ;
; B1         ; S1          ; 3.678 ; 3.832 ; 4.095 ; 4.245 ;
; B1         ; S2          ; 3.700 ; 3.884 ; 4.098 ; 4.300 ;
; B1         ; S3          ; 3.766 ; 3.917 ; 4.183 ; 4.330 ;
; B1         ; S4          ; 3.837 ; 3.980 ; 4.283 ; 4.378 ;
; B2         ; C4          ; 3.836 ;       ;       ; 4.372 ;
; B2         ; S2          ; 3.535 ; 3.702 ; 3.972 ; 4.109 ;
; B2         ; S3          ; 3.583 ; 3.747 ; 3.969 ; 4.108 ;
; B2         ; S4          ; 3.654 ; 3.797 ; 4.060 ; 4.155 ;
; B3         ; C4          ; 3.714 ;       ;       ; 4.339 ;
; B3         ; S3          ; 3.868 ; 4.044 ; 4.351 ; 4.544 ;
; B3         ; S4          ; 3.595 ; 3.704 ; 4.097 ; 4.201 ;
; B4         ; C4          ; 3.977 ;       ;       ; 4.596 ;
; B4         ; S4          ; 3.855 ; 3.965 ; 4.343 ; 4.451 ;
+------------+-------------+-------+-------+-------+-------+


+----------------------------------------------------------+
; Minimum Propagation Delay                                ;
+------------+-------------+-------+-------+-------+-------+
; Input Port ; Output Port ; RR    ; RF    ; FR    ; FF    ;
+------------+-------------+-------+-------+-------+-------+
; A1         ; C4          ; 3.797 ;       ;       ; 4.378 ;
; A1         ; S1          ; 3.407 ; 3.551 ; 3.857 ; 3.999 ;
; A1         ; S2          ; 3.599 ; 3.744 ; 4.040 ; 4.183 ;
; A1         ; S3          ; 3.627 ; 3.771 ; 4.070 ; 4.210 ;
; A1         ; S4          ; 3.610 ; 3.751 ; 4.087 ; 4.192 ;
; A2         ; C4          ; 3.627 ;       ;       ; 4.208 ;
; A2         ; S2          ; 3.400 ; 3.537 ; 3.863 ; 3.996 ;
; A2         ; S3          ; 3.405 ; 3.539 ; 3.863 ; 3.995 ;
; A2         ; S4          ; 3.440 ; 3.581 ; 3.917 ; 4.022 ;
; A3         ; C4          ; 3.453 ;       ;       ; 3.963 ;
; A3         ; S3          ; 3.393 ; 3.547 ; 3.810 ; 3.922 ;
; A3         ; S4          ; 3.326 ; 3.428 ; 3.707 ; 3.805 ;
; A4         ; C4          ; 3.320 ;       ;       ; 3.876 ;
; A4         ; S4          ; 3.253 ; 3.335 ; 3.652 ; 3.755 ;
; B1         ; C4          ; 3.728 ;       ;       ; 4.269 ;
; B1         ; S1          ; 3.428 ; 3.582 ; 3.838 ; 3.989 ;
; B1         ; S2          ; 3.427 ; 3.584 ; 3.866 ; 3.980 ;
; B1         ; S3          ; 3.506 ; 3.650 ; 3.915 ; 4.056 ;
; B1         ; S4          ; 3.541 ; 3.682 ; 3.978 ; 4.083 ;
; B2         ; C4          ; 3.566 ;       ;       ; 4.089 ;
; B2         ; S2          ; 3.301 ; 3.467 ; 3.732 ; 3.879 ;
; B2         ; S3          ; 3.344 ; 3.513 ; 3.734 ; 3.876 ;
; B2         ; S4          ; 3.379 ; 3.520 ; 3.798 ; 3.903 ;
; B3         ; C4          ; 3.480 ;       ;       ; 4.070 ;
; B3         ; S3          ; 3.577 ; 3.733 ; 4.066 ; 4.185 ;
; B3         ; S4          ; 3.355 ; 3.449 ; 3.829 ; 3.919 ;
; B4         ; C4          ; 3.708 ;       ;       ; 4.303 ;
; B4         ; S4          ; 3.581 ; 3.682 ; 4.047 ; 4.145 ;
+------------+-------------+-------+-------+-------+-------+


----------------------------------------------
; Fast 1100mV 0C Model Metastability Summary ;
----------------------------------------------
No synchronizer chains to report.


+----------------------------------------------------------------------------+
; Multicorner Timing Analysis Summary                                        ;
+------------------+-------+------+----------+---------+---------------------+
; Clock            ; Setup ; Hold ; Recovery ; Removal ; Minimum Pulse Width ;
+------------------+-------+------+----------+---------+---------------------+
; Worst-case Slack ; N/A   ; N/A  ; N/A      ; N/A     ; N/A                 ;
; Design-wide TNS  ; 0.0   ; 0.0  ; 0.0      ; 0.0     ; 0.0                 ;
+------------------+-------+------+----------+---------+---------------------+


+----------------------------------------------------------+
; Propagation Delay                                        ;
+------------+-------------+-------+-------+-------+-------+
; Input Port ; Output Port ; RR    ; RF    ; FR    ; FF    ;
+------------+-------------+-------+-------+-------+-------+
; A1         ; C4          ; 9.445 ;       ;       ; 9.734 ;
; A1         ; S1          ; 8.092 ; 8.221 ; 8.123 ; 8.233 ;
; A1         ; S2          ; 8.861 ; 9.008 ; 8.858 ; 9.014 ;
; A1         ; S3          ; 8.888 ; 9.029 ; 8.886 ; 9.036 ;
; A1         ; S4          ; 9.075 ; 9.278 ; 9.374 ; 9.379 ;
; A2         ; C4          ; 8.939 ;       ;       ; 9.212 ;
; A2         ; S2          ; 8.234 ; 8.407 ; 8.329 ; 8.478 ;
; A2         ; S3          ; 8.220 ; 8.385 ; 8.312 ; 8.458 ;
; A2         ; S4          ; 8.569 ; 8.772 ; 8.852 ; 8.857 ;
; A3         ; C4          ; 8.467 ;       ;       ; 8.491 ;
; A3         ; S3          ; 8.332 ; 8.574 ; 8.284 ; 8.540 ;
; A3         ; S4          ; 8.312 ; 8.355 ; 8.205 ; 8.257 ;
; A4         ; C4          ; 8.084 ;       ;       ; 8.296 ;
; A4         ; S4          ; 8.106 ; 8.238 ; 8.014 ; 8.207 ;
; B1         ; C4          ; 9.334 ;       ;       ; 9.475 ;
; B1         ; S1          ; 8.401 ; 8.518 ; 8.368 ; 8.471 ;
; B1         ; S2          ; 8.440 ; 8.688 ; 8.408 ; 8.671 ;
; B1         ; S3          ; 8.614 ; 8.767 ; 8.581 ; 8.720 ;
; B1         ; S4          ; 8.964 ; 9.167 ; 9.115 ; 9.120 ;
; B2         ; C4          ; 8.751 ;       ;       ; 8.886 ;
; B2         ; S2          ; 7.930 ; 8.171 ; 8.083 ; 8.201 ;
; B2         ; S3          ; 8.030 ; 8.253 ; 7.982 ; 8.132 ;
; B2         ; S4          ; 8.381 ; 8.584 ; 8.526 ; 8.531 ;
; B3         ; C4          ; 8.366 ;       ;       ; 8.550 ;
; B3         ; S3          ; 8.842 ; 9.083 ; 8.900 ; 9.122 ;
; B3         ; S4          ; 8.217 ; 8.292 ; 8.274 ; 8.326 ;
; B4         ; C4          ; 9.035 ;       ;       ; 9.171 ;
; B4         ; S4          ; 8.880 ; 8.935 ; 8.896 ; 8.937 ;
+------------+-------------+-------+-------+-------+-------+


+----------------------------------------------------------+
; Minimum Propagation Delay                                ;
+------------+-------------+-------+-------+-------+-------+
; Input Port ; Output Port ; RR    ; RF    ; FR    ; FF    ;
+------------+-------------+-------+-------+-------+-------+
; A1         ; C4          ; 3.797 ;       ;       ; 4.378 ;
; A1         ; S1          ; 3.407 ; 3.551 ; 3.857 ; 3.999 ;
; A1         ; S2          ; 3.599 ; 3.744 ; 4.040 ; 4.183 ;
; A1         ; S3          ; 3.627 ; 3.771 ; 4.070 ; 4.210 ;
; A1         ; S4          ; 3.610 ; 3.751 ; 4.087 ; 4.192 ;
; A2         ; C4          ; 3.627 ;       ;       ; 4.208 ;
; A2         ; S2          ; 3.400 ; 3.537 ; 3.863 ; 3.996 ;
; A2         ; S3          ; 3.405 ; 3.539 ; 3.863 ; 3.995 ;
; A2         ; S4          ; 3.440 ; 3.581 ; 3.917 ; 4.022 ;
; A3         ; C4          ; 3.453 ;       ;       ; 3.963 ;
; A3         ; S3          ; 3.393 ; 3.547 ; 3.810 ; 3.922 ;
; A3         ; S4          ; 3.326 ; 3.428 ; 3.707 ; 3.805 ;
; A4         ; C4          ; 3.320 ;       ;       ; 3.876 ;
; A4         ; S4          ; 3.253 ; 3.335 ; 3.652 ; 3.755 ;
; B1         ; C4          ; 3.728 ;       ;       ; 4.269 ;
; B1         ; S1          ; 3.428 ; 3.582 ; 3.838 ; 3.989 ;
; B1         ; S2          ; 3.427 ; 3.584 ; 3.866 ; 3.980 ;
; B1         ; S3          ; 3.506 ; 3.650 ; 3.915 ; 4.056 ;
; B1         ; S4          ; 3.541 ; 3.682 ; 3.978 ; 4.083 ;
; B2         ; C4          ; 3.566 ;       ;       ; 4.089 ;
; B2         ; S2          ; 3.301 ; 3.467 ; 3.732 ; 3.879 ;
; B2         ; S3          ; 3.344 ; 3.513 ; 3.734 ; 3.876 ;
; B2         ; S4          ; 3.379 ; 3.520 ; 3.798 ; 3.903 ;
; B3         ; C4          ; 3.480 ;       ;       ; 4.070 ;
; B3         ; S3          ; 3.577 ; 3.733 ; 4.066 ; 4.185 ;
; B3         ; S4          ; 3.355 ; 3.449 ; 3.829 ; 3.919 ;
; B4         ; C4          ; 3.708 ;       ;       ; 4.303 ;
; B4         ; S4          ; 3.581 ; 3.682 ; 4.047 ; 4.145 ;
+------------+-------------+-------+-------+-------+-------+


+--------------------------------------------------------------------------------------------------------------------------------------------------------------------------------------------------------------------------------------------------------------------------------------------------------------------------------------------------------------------------------------------------------+
; Board Trace Model Assignments                                                                                                                                                                                                                                                                                                                                                                          ;
+-----+--------------+-------------------+-------------------------+-------------------------+---------------+---------------------+----------------+------------------+--------+------------------+------------------------+------------------------+--------------+---------------+-----------------+-------+---------------------+--------------------+---------------+-----------------+-------------+
; Pin ; I/O Standard ; Near Tline Length ; Near Tline L per Length ; Near Tline C per Length ; Near Series R ; Near Differential R ; Near Pull-up R ; Near Pull-down R ; Near C ; Far Tline Length ; Far Tline L per Length ; Far Tline C per Length ; Far Series R ; Far Pull-up R ; Far Pull-down R ; Far C ; Termination Voltage ; Far Differential R ; EBD File Name ; EBD Signal Name ; EBD Far-end ;
+-----+--------------+-------------------+-------------------------+-------------------------+---------------+---------------------+----------------+------------------+--------+------------------+------------------------+------------------------+--------------+---------------+-----------------+-------+---------------------+--------------------+---------------+-----------------+-------------+
; S3  ; 2.5 V        ; 0 in              ; 0 H/in                  ; 0 F/in                  ; short         ; -                   ; open           ; open             ; open   ; 0 in             ; 0 H/in                 ; 0 F/in                 ; short        ; open          ; open            ; open  ; 0 V                 ; -                  ; n/a           ; n/a             ; n/a         ;
; S4  ; 2.5 V        ; 0 in              ; 0 H/in                  ; 0 F/in                  ; short         ; -                   ; open           ; open             ; open   ; 0 in             ; 0 H/in                 ; 0 F/in                 ; short        ; open          ; open            ; open  ; 0 V                 ; -                  ; n/a           ; n/a             ; n/a         ;
; S1  ; 2.5 V        ; 0 in              ; 0 H/in                  ; 0 F/in                  ; short         ; -                   ; open           ; open             ; open   ; 0 in             ; 0 H/in                 ; 0 F/in                 ; short        ; open          ; open            ; open  ; 0 V                 ; -                  ; n/a           ; n/a             ; n/a         ;
; C4  ; 2.5 V        ; 0 in              ; 0 H/in                  ; 0 F/in                  ; short         ; -                   ; open           ; open             ; open   ; 0 in             ; 0 H/in                 ; 0 F/in                 ; short        ; open          ; open            ; open  ; 0 V                 ; -                  ; n/a           ; n/a             ; n/a         ;
; S2  ; 2.5 V        ; 0 in              ; 0 H/in                  ; 0 F/in                  ; short         ; -                   ; open           ; open             ; open   ; 0 in             ; 0 H/in                 ; 0 F/in                 ; short        ; open          ; open            ; open  ; 0 V                 ; -                  ; n/a           ; n/a             ; n/a         ;
+-----+--------------+-------------------+-------------------------+-------------------------+---------------+---------------------+----------------+------------------+--------+------------------+------------------------+------------------------+--------------+---------------+-----------------+-------+---------------------+--------------------+---------------+-----------------+-------------+


+--------------------------------------------------------+
; Input Transition Times                                 ;
+-----+--------------+-----------------+-----------------+
; Pin ; I/O Standard ; 10-90 Rise Time ; 90-10 Fall Time ;
+-----+--------------+-----------------+-----------------+
; A3  ; 2.5 V        ; 2000 ps         ; 2000 ps         ;
; B3  ; 2.5 V        ; 2000 ps         ; 2000 ps         ;
; A2  ; 2.5 V        ; 2000 ps         ; 2000 ps         ;
; B2  ; 2.5 V        ; 2000 ps         ; 2000 ps         ;
; A1  ; 2.5 V        ; 2000 ps         ; 2000 ps         ;
; B1  ; 2.5 V        ; 2000 ps         ; 2000 ps         ;
; A4  ; 2.5 V        ; 2000 ps         ; 2000 ps         ;
; B4  ; 2.5 V        ; 2000 ps         ; 2000 ps         ;
+-----+--------------+-----------------+-----------------+


+----------------------------------------------------------------------------------------------------------------------------------------------------------------------------------------------------------------------------------------------------------------------------------------------------------------------------------------------------------------------------------------------------------------------------------------------------------------------------------------------------------------------------------------------------------------------------------------------------------------------------------------------------------------------------------+
; Signal Integrity Metrics (Slow 1100mv 0c Model)                                                                                                                                                                                                                                                                                                                                                                                                                                                                                                                                                                                                                                  ;
+-----+--------------+---------------------+---------------------+------------------------------+------------------------------+---------------------+---------------------+--------------------------------------+--------------------------------------+-----------------------------+-----------------------------+----------------------------+----------------------------+-----------------------------+-----------------------------+--------------------+--------------------+-------------------------------------+-------------------------------------+----------------------------+----------------------------+---------------------------+---------------------------+
; Pin ; I/O Standard ; Board Delay on Rise ; Board Delay on Fall ; Steady State Voh at FPGA Pin ; Steady State Vol at FPGA Pin ; Voh Max at FPGA Pin ; Vol Min at FPGA Pin ; Ringback Voltage on Rise at FPGA Pin ; Ringback Voltage on Fall at FPGA Pin ; 10-90 Rise Time at FPGA Pin ; 90-10 Fall Time at FPGA Pin ; Monotonic Rise at FPGA Pin ; Monotonic Fall at FPGA Pin ; Steady State Voh at Far-end ; Steady State Vol at Far-end ; Voh Max at Far-end ; Vol Min at Far-end ; Ringback Voltage on Rise at Far-end ; Ringback Voltage on Fall at Far-end ; 10-90 Rise Time at Far-end ; 90-10 Fall Time at Far-end ; Monotonic Rise at Far-end ; Monotonic Fall at Far-end ;
+-----+--------------+---------------------+---------------------+------------------------------+------------------------------+---------------------+---------------------+--------------------------------------+--------------------------------------+-----------------------------+-----------------------------+----------------------------+----------------------------+-----------------------------+-----------------------------+--------------------+--------------------+-------------------------------------+-------------------------------------+----------------------------+----------------------------+---------------------------+---------------------------+
; S3  ; 2.5 V        ; 0 s                 ; 0 s                 ; 2.32 V                       ; 6.72e-08 V                   ; 2.4 V               ; -0.0409 V           ; 0.192 V                              ; 0.125 V                              ; 4.59e-10 s                  ; 4.54e-10 s                  ; No                         ; Yes                        ; 2.32 V                      ; 6.72e-08 V                  ; 2.4 V              ; -0.0409 V          ; 0.192 V                             ; 0.125 V                             ; 4.59e-10 s                 ; 4.54e-10 s                 ; No                        ; Yes                       ;
; S4  ; 2.5 V        ; 0 s                 ; 0 s                 ; 2.32 V                       ; 5.91e-08 V                   ; 2.35 V              ; -0.0136 V           ; 0.17 V                               ; 0.118 V                              ; 4.69e-10 s                  ; 4.63e-10 s                  ; Yes                        ; Yes                        ; 2.32 V                      ; 5.91e-08 V                  ; 2.35 V             ; -0.0136 V          ; 0.17 V                              ; 0.118 V                             ; 4.69e-10 s                 ; 4.63e-10 s                 ; Yes                       ; Yes                       ;
; S1  ; 2.5 V        ; 0 s                 ; 0 s                 ; 2.32 V                       ; 6.86e-08 V                   ; 2.4 V               ; -0.0326 V           ; 0.227 V                              ; 0.16 V                               ; 4.73e-10 s                  ; 4.78e-10 s                  ; No                         ; Yes                        ; 2.32 V                      ; 6.86e-08 V                  ; 2.4 V              ; -0.0326 V          ; 0.227 V                             ; 0.16 V                              ; 4.73e-10 s                 ; 4.78e-10 s                 ; No                        ; Yes                       ;
; C4  ; 2.5 V        ; 0 s                 ; 0 s                 ; 2.32 V                       ; 6.72e-08 V                   ; 2.4 V               ; -0.041 V            ; 0.19 V                               ; 0.126 V                              ; 4.59e-10 s                  ; 4.54e-10 s                  ; No                         ; Yes                        ; 2.32 V                      ; 6.72e-08 V                  ; 2.4 V              ; -0.041 V           ; 0.19 V                              ; 0.126 V                             ; 4.59e-10 s                 ; 4.54e-10 s                 ; No                        ; Yes                       ;
; S2  ; 2.5 V        ; 0 s                 ; 0 s                 ; 2.32 V                       ; 6.72e-08 V                   ; 2.4 V               ; -0.0409 V           ; 0.192 V                              ; 0.125 V                              ; 4.59e-10 s                  ; 4.54e-10 s                  ; No                         ; Yes                        ; 2.32 V                      ; 6.72e-08 V                  ; 2.4 V              ; -0.0409 V          ; 0.192 V                             ; 0.125 V                             ; 4.59e-10 s                 ; 4.54e-10 s                 ; No                        ; Yes                       ;
+-----+--------------+---------------------+---------------------+------------------------------+------------------------------+---------------------+---------------------+--------------------------------------+--------------------------------------+-----------------------------+-----------------------------+----------------------------+----------------------------+-----------------------------+-----------------------------+--------------------+--------------------+-------------------------------------+-------------------------------------+----------------------------+----------------------------+---------------------------+---------------------------+


+----------------------------------------------------------------------------------------------------------------------------------------------------------------------------------------------------------------------------------------------------------------------------------------------------------------------------------------------------------------------------------------------------------------------------------------------------------------------------------------------------------------------------------------------------------------------------------------------------------------------------------------------------------------------------------+
; Signal Integrity Metrics (Slow 1100mv 85c Model)                                                                                                                                                                                                                                                                                                                                                                                                                                                                                                                                                                                                                                 ;
+-----+--------------+---------------------+---------------------+------------------------------+------------------------------+---------------------+---------------------+--------------------------------------+--------------------------------------+-----------------------------+-----------------------------+----------------------------+----------------------------+-----------------------------+-----------------------------+--------------------+--------------------+-------------------------------------+-------------------------------------+----------------------------+----------------------------+---------------------------+---------------------------+
; Pin ; I/O Standard ; Board Delay on Rise ; Board Delay on Fall ; Steady State Voh at FPGA Pin ; Steady State Vol at FPGA Pin ; Voh Max at FPGA Pin ; Vol Min at FPGA Pin ; Ringback Voltage on Rise at FPGA Pin ; Ringback Voltage on Fall at FPGA Pin ; 10-90 Rise Time at FPGA Pin ; 90-10 Fall Time at FPGA Pin ; Monotonic Rise at FPGA Pin ; Monotonic Fall at FPGA Pin ; Steady State Voh at Far-end ; Steady State Vol at Far-end ; Voh Max at Far-end ; Vol Min at Far-end ; Ringback Voltage on Rise at Far-end ; Ringback Voltage on Fall at Far-end ; 10-90 Rise Time at Far-end ; 90-10 Fall Time at Far-end ; Monotonic Rise at Far-end ; Monotonic Fall at Far-end ;
+-----+--------------+---------------------+---------------------+------------------------------+------------------------------+---------------------+---------------------+--------------------------------------+--------------------------------------+-----------------------------+-----------------------------+----------------------------+----------------------------+-----------------------------+-----------------------------+--------------------+--------------------+-------------------------------------+-------------------------------------+----------------------------+----------------------------+---------------------------+---------------------------+
; S3  ; 2.5 V        ; 0 s                 ; 0 s                 ; 2.32 V                       ; 1.04e-05 V                   ; 2.38 V              ; -0.027 V            ; 0.226 V                              ; 0.08 V                               ; 4.84e-10 s                  ; 5.18e-10 s                  ; No                         ; Yes                        ; 2.32 V                      ; 1.04e-05 V                  ; 2.38 V             ; -0.027 V           ; 0.226 V                             ; 0.08 V                              ; 4.84e-10 s                 ; 5.18e-10 s                 ; No                        ; Yes                       ;
; S4  ; 2.5 V        ; 0 s                 ; 0 s                 ; 2.32 V                       ; 9.38e-06 V                   ; 2.34 V              ; -0.00733 V          ; 0.234 V                              ; 0.071 V                              ; 5.36e-10 s                  ; 5.75e-10 s                  ; No                         ; Yes                        ; 2.32 V                      ; 9.38e-06 V                  ; 2.34 V             ; -0.00733 V         ; 0.234 V                             ; 0.071 V                             ; 5.36e-10 s                 ; 5.75e-10 s                 ; No                        ; Yes                       ;
; S1  ; 2.5 V        ; 0 s                 ; 0 s                 ; 2.32 V                       ; 1.05e-05 V                   ; 2.37 V              ; -0.0225 V           ; 0.277 V                              ; 0.104 V                              ; 5.22e-10 s                  ; 6.28e-10 s                  ; No                         ; Yes                        ; 2.32 V                      ; 1.05e-05 V                  ; 2.37 V             ; -0.0225 V          ; 0.277 V                             ; 0.104 V                             ; 5.22e-10 s                 ; 6.28e-10 s                 ; No                        ; Yes                       ;
; C4  ; 2.5 V        ; 0 s                 ; 0 s                 ; 2.32 V                       ; 1.04e-05 V                   ; 2.38 V              ; -0.0273 V           ; 0.226 V                              ; 0.08 V                               ; 4.84e-10 s                  ; 5.19e-10 s                  ; No                         ; Yes                        ; 2.32 V                      ; 1.04e-05 V                  ; 2.38 V             ; -0.0273 V          ; 0.226 V                             ; 0.08 V                              ; 4.84e-10 s                 ; 5.19e-10 s                 ; No                        ; Yes                       ;
; S2  ; 2.5 V        ; 0 s                 ; 0 s                 ; 2.32 V                       ; 1.04e-05 V                   ; 2.38 V              ; -0.027 V            ; 0.226 V                              ; 0.08 V                               ; 4.84e-10 s                  ; 5.18e-10 s                  ; No                         ; Yes                        ; 2.32 V                      ; 1.04e-05 V                  ; 2.38 V             ; -0.027 V           ; 0.226 V                             ; 0.08 V                              ; 4.84e-10 s                 ; 5.18e-10 s                 ; No                        ; Yes                       ;
+-----+--------------+---------------------+---------------------+------------------------------+------------------------------+---------------------+---------------------+--------------------------------------+--------------------------------------+-----------------------------+-----------------------------+----------------------------+----------------------------+-----------------------------+-----------------------------+--------------------+--------------------+-------------------------------------+-------------------------------------+----------------------------+----------------------------+---------------------------+---------------------------+


+----------------------------------------------------------------------------------------------------------------------------------------------------------------------------------------------------------------------------------------------------------------------------------------------------------------------------------------------------------------------------------------------------------------------------------------------------------------------------------------------------------------------------------------------------------------------------------------------------------------------------------------------------------------------------------+
; Signal Integrity Metrics (Fast 1100mv 0c Model)                                                                                                                                                                                                                                                                                                                                                                                                                                                                                                                                                                                                                                  ;
+-----+--------------+---------------------+---------------------+------------------------------+------------------------------+---------------------+---------------------+--------------------------------------+--------------------------------------+-----------------------------+-----------------------------+----------------------------+----------------------------+-----------------------------+-----------------------------+--------------------+--------------------+-------------------------------------+-------------------------------------+----------------------------+----------------------------+---------------------------+---------------------------+
; Pin ; I/O Standard ; Board Delay on Rise ; Board Delay on Fall ; Steady State Voh at FPGA Pin ; Steady State Vol at FPGA Pin ; Voh Max at FPGA Pin ; Vol Min at FPGA Pin ; Ringback Voltage on Rise at FPGA Pin ; Ringback Voltage on Fall at FPGA Pin ; 10-90 Rise Time at FPGA Pin ; 90-10 Fall Time at FPGA Pin ; Monotonic Rise at FPGA Pin ; Monotonic Fall at FPGA Pin ; Steady State Voh at Far-end ; Steady State Vol at Far-end ; Voh Max at Far-end ; Vol Min at Far-end ; Ringback Voltage on Rise at Far-end ; Ringback Voltage on Fall at Far-end ; 10-90 Rise Time at Far-end ; 90-10 Fall Time at Far-end ; Monotonic Rise at Far-end ; Monotonic Fall at Far-end ;
+-----+--------------+---------------------+---------------------+------------------------------+------------------------------+---------------------+---------------------+--------------------------------------+--------------------------------------+-----------------------------+-----------------------------+----------------------------+----------------------------+-----------------------------+-----------------------------+--------------------+--------------------+-------------------------------------+-------------------------------------+----------------------------+----------------------------+---------------------------+---------------------------+
; S3  ; 2.5 V        ; 0 s                 ; 0 s                 ; 2.75 V                       ; 4.14e-06 V                   ; 2.91 V              ; -0.121 V            ; 0.326 V                              ; 0.297 V                              ; 2.74e-10 s                  ; 2.8e-10 s                   ; No                         ; No                         ; 2.75 V                      ; 4.14e-06 V                  ; 2.91 V             ; -0.121 V           ; 0.326 V                             ; 0.297 V                             ; 2.74e-10 s                 ; 2.8e-10 s                  ; No                        ; No                        ;
; S4  ; 2.5 V        ; 0 s                 ; 0 s                 ; 2.75 V                       ; 3.54e-06 V                   ; 2.81 V              ; -0.0578 V           ; 0.303 V                              ; 0.28 V                               ; 2.93e-10 s                  ; 3.01e-10 s                  ; No                         ; No                         ; 2.75 V                      ; 3.54e-06 V                  ; 2.81 V             ; -0.0578 V          ; 0.303 V                             ; 0.28 V                              ; 2.93e-10 s                 ; 3.01e-10 s                 ; No                        ; No                        ;
; S1  ; 2.5 V        ; 0 s                 ; 0 s                 ; 2.75 V                       ; 4.25e-06 V                   ; 2.9 V               ; -0.107 V            ; 0.378 V                              ; 0.16 V                               ; 2.87e-10 s                  ; 4.28e-10 s                  ; No                         ; No                         ; 2.75 V                      ; 4.25e-06 V                  ; 2.9 V              ; -0.107 V           ; 0.378 V                             ; 0.16 V                              ; 2.87e-10 s                 ; 4.28e-10 s                 ; No                        ; No                        ;
; C4  ; 2.5 V        ; 0 s                 ; 0 s                 ; 2.75 V                       ; 4.14e-06 V                   ; 2.91 V              ; -0.119 V            ; 0.326 V                              ; 0.298 V                              ; 2.74e-10 s                  ; 2.8e-10 s                   ; No                         ; No                         ; 2.75 V                      ; 4.14e-06 V                  ; 2.91 V             ; -0.119 V           ; 0.326 V                             ; 0.298 V                             ; 2.74e-10 s                 ; 2.8e-10 s                  ; No                        ; No                        ;
; S2  ; 2.5 V        ; 0 s                 ; 0 s                 ; 2.75 V                       ; 4.14e-06 V                   ; 2.91 V              ; -0.121 V            ; 0.326 V                              ; 0.297 V                              ; 2.74e-10 s                  ; 2.8e-10 s                   ; No                         ; No                         ; 2.75 V                      ; 4.14e-06 V                  ; 2.91 V             ; -0.121 V           ; 0.326 V                             ; 0.297 V                             ; 2.74e-10 s                 ; 2.8e-10 s                  ; No                        ; No                        ;
+-----+--------------+---------------------+---------------------+------------------------------+------------------------------+---------------------+---------------------+--------------------------------------+--------------------------------------+-----------------------------+-----------------------------+----------------------------+----------------------------+-----------------------------+-----------------------------+--------------------+--------------------+-------------------------------------+-------------------------------------+----------------------------+----------------------------+---------------------------+---------------------------+


+----------------------------------------------------------------------------------------------------------------------------------------------------------------------------------------------------------------------------------------------------------------------------------------------------------------------------------------------------------------------------------------------------------------------------------------------------------------------------------------------------------------------------------------------------------------------------------------------------------------------------------------------------------------------------------+
; Signal Integrity Metrics (Fast 1100mv 85c Model)                                                                                                                                                                                                                                                                                                                                                                                                                                                                                                                                                                                                                                 ;
+-----+--------------+---------------------+---------------------+------------------------------+------------------------------+---------------------+---------------------+--------------------------------------+--------------------------------------+-----------------------------+-----------------------------+----------------------------+----------------------------+-----------------------------+-----------------------------+--------------------+--------------------+-------------------------------------+-------------------------------------+----------------------------+----------------------------+---------------------------+---------------------------+
; Pin ; I/O Standard ; Board Delay on Rise ; Board Delay on Fall ; Steady State Voh at FPGA Pin ; Steady State Vol at FPGA Pin ; Voh Max at FPGA Pin ; Vol Min at FPGA Pin ; Ringback Voltage on Rise at FPGA Pin ; Ringback Voltage on Fall at FPGA Pin ; 10-90 Rise Time at FPGA Pin ; 90-10 Fall Time at FPGA Pin ; Monotonic Rise at FPGA Pin ; Monotonic Fall at FPGA Pin ; Steady State Voh at Far-end ; Steady State Vol at Far-end ; Voh Max at Far-end ; Vol Min at Far-end ; Ringback Voltage on Rise at Far-end ; Ringback Voltage on Fall at Far-end ; 10-90 Rise Time at Far-end ; 90-10 Fall Time at Far-end ; Monotonic Rise at Far-end ; Monotonic Fall at Far-end ;
+-----+--------------+---------------------+---------------------+------------------------------+------------------------------+---------------------+---------------------+--------------------------------------+--------------------------------------+-----------------------------+-----------------------------+----------------------------+----------------------------+-----------------------------+-----------------------------+--------------------+--------------------+-------------------------------------+-------------------------------------+----------------------------+----------------------------+---------------------------+---------------------------+
; S3  ; 2.5 V        ; 0 s                 ; 0 s                 ; 2.75 V                       ; 0.000242 V                   ; 2.86 V              ; -0.0814 V           ; 0.36 V                               ; 0.156 V                              ; 3e-10 s                     ; 4.34e-10 s                  ; No                         ; No                         ; 2.75 V                      ; 0.000242 V                  ; 2.86 V             ; -0.0814 V          ; 0.36 V                              ; 0.156 V                             ; 3e-10 s                    ; 4.34e-10 s                 ; No                        ; No                        ;
; S4  ; 2.5 V        ; 0 s                 ; 0 s                 ; 2.75 V                       ; 0.000213 V                   ; 2.79 V              ; -0.0324 V           ; 0.139 V                              ; 0.119 V                              ; 4.42e-10 s                  ; 4.33e-10 s                  ; No                         ; Yes                        ; 2.75 V                      ; 0.000213 V                  ; 2.79 V             ; -0.0324 V          ; 0.139 V                             ; 0.119 V                             ; 4.42e-10 s                 ; 4.33e-10 s                 ; No                        ; Yes                       ;
; S1  ; 2.5 V        ; 0 s                 ; 0 s                 ; 2.75 V                       ; 0.000247 V                   ; 2.85 V              ; -0.0711 V           ; 0.204 V                              ; 0.181 V                              ; 4.55e-10 s                  ; 4.49e-10 s                  ; No                         ; No                         ; 2.75 V                      ; 0.000247 V                  ; 2.85 V             ; -0.0711 V          ; 0.204 V                             ; 0.181 V                             ; 4.55e-10 s                 ; 4.49e-10 s                 ; No                        ; No                        ;
; C4  ; 2.5 V        ; 0 s                 ; 0 s                 ; 2.75 V                       ; 0.000242 V                   ; 2.86 V              ; -0.0805 V           ; 0.358 V                              ; 0.156 V                              ; 3.01e-10 s                  ; 4.34e-10 s                  ; No                         ; No                         ; 2.75 V                      ; 0.000242 V                  ; 2.86 V             ; -0.0805 V          ; 0.358 V                             ; 0.156 V                             ; 3.01e-10 s                 ; 4.34e-10 s                 ; No                        ; No                        ;
; S2  ; 2.5 V        ; 0 s                 ; 0 s                 ; 2.75 V                       ; 0.000242 V                   ; 2.86 V              ; -0.0814 V           ; 0.36 V                               ; 0.156 V                              ; 3e-10 s                     ; 4.34e-10 s                  ; No                         ; No                         ; 2.75 V                      ; 0.000242 V                  ; 2.86 V             ; -0.0814 V          ; 0.36 V                              ; 0.156 V                             ; 3e-10 s                    ; 4.34e-10 s                 ; No                        ; No                        ;
+-----+--------------+---------------------+---------------------+------------------------------+------------------------------+---------------------+---------------------+--------------------------------------+--------------------------------------+-----------------------------+-----------------------------+----------------------------+----------------------------+-----------------------------+-----------------------------+--------------------+--------------------+-------------------------------------+-------------------------------------+----------------------------+----------------------------+---------------------------+---------------------------+


-------------------
; Clock Transfers ;
-------------------
Nothing to report.


---------------
; Report TCCS ;
---------------
No dedicated SERDES Transmitter circuitry present in device or used in design


---------------
; Report RSKM ;
---------------
No non-DPA dedicated SERDES Receiver circuitry present in device or used in design


+------------------------------------------------+
; Unconstrained Paths                            ;
+---------------------------------+-------+------+
; Property                        ; Setup ; Hold ;
+---------------------------------+-------+------+
; Illegal Clocks                  ; 0     ; 0    ;
; Unconstrained Clocks            ; 0     ; 0    ;
; Unconstrained Input Ports       ; 8     ; 8    ;
; Unconstrained Input Port Paths  ; 28    ; 28   ;
; Unconstrained Output Ports      ; 5     ; 5    ;
; Unconstrained Output Port Paths ; 28    ; 28   ;
+---------------------------------+-------+------+


+------------------------------------+
; TimeQuest Timing Analyzer Messages ;
+------------------------------------+
Info: *******************************************************************
Info: Running Quartus II 64-Bit TimeQuest Timing Analyzer
    Info: Version 15.0.2 Build 153 07/15/2015 SJ Web Edition
    Info: Processing started: Thu Aug 15 23:46:23 2019
Info: Command: quartus_sta 4bit_adder -c 4bit_adder
Info: qsta_default_script.tcl version: #11
Warning (20028): Parallel compilation is not licensed and has been disabled
Info (21077): Low junction temperature is 0 degrees C
Info (21077): High junction temperature is 85 degrees C
Critical Warning (332012): Synopsys Design Constraints File file not found: '4bit_adder.sdc'. A Synopsys Design Constraints File is required by the TimeQuest Timing Analyzer to get proper timing constraints. Without it, the Compiler will not properly optimize the design.
Info (332142): No user constrained base clocks found in the design. Calling "derive_clocks -period 1.0"
Info (332096): The command derive_clocks did not find any clocks to derive.  No clocks were created or changed.
Warning (332068): No clocks defined in design.
Info (332143): No user constrained clock uncertainty found in the design. Calling "derive_clock_uncertainty"
Info (332154): The derive_clock_uncertainty command did not apply clock uncertainty to any clock-to-clock transfers.
Info: Found TIMEQUEST_REPORT_SCRIPT_INCLUDE_DEFAULT_ANALYSIS = ON
Info (332159): No clocks to report
Info: Analyzing Slow 1100mV 85C Model
Info (332140): No fmax paths to report
Info (332140): No Setup paths to report
Info (332140): No Hold paths to report
Info (332140): No Recovery paths to report
Info (332140): No Removal paths to report
Info (332140): No Minimum Pulse Width paths to report
Info: Analyzing Slow 1100mV 0C Model
Info (334003): Started post-fitting delay annotation
Info (334004): Delay annotation completed successfully
Info (332142): No user constrained base clocks found in the design. Calling "derive_clocks -period 1.0"
Info (332096): The command derive_clocks did not find any clocks to derive.  No clocks were created or changed.
Warning (332068): No clocks defined in design.
Info (332154): The derive_clock_uncertainty command did not apply clock uncertainty to any clock-to-clock transfers.
Info (332140): No fmax paths to report
Info (332140): No Setup paths to report
Info (332140): No Hold paths to report
Info (332140): No Recovery paths to report
Info (332140): No Removal paths to report
Info (332140): No Minimum Pulse Width paths to report
Info: Analyzing Fast 1100mV 85C Model
Info (334003): Started post-fitting delay annotation
Info (334004): Delay annotation completed successfully
Info (332142): No user constrained base clocks found in the design. Calling "derive_clocks -period 1.0"
Info (332096): The command derive_clocks did not find any clocks to derive.  No clocks were created or changed.
Warning (332068): No clocks defined in design.
Info (332154): The derive_clock_uncertainty command did not apply clock uncertainty to any clock-to-clock transfers.
Info (332140): No Setup paths to report
Info (332140): No Hold paths to report
Info (332140): No Recovery paths to report
Info (332140): No Removal paths to report
Info (332140): No Minimum Pulse Width paths to report
Info: Analyzing Fast 1100mV 0C Model
Info (332142): No user constrained base clocks found in the design. Calling "derive_clocks -period 1.0"
Info (332096): The command derive_clocks did not find any clocks to derive.  No clocks were created or changed.
Warning (332068): No clocks defined in design.
Info (332154): The derive_clock_uncertainty command did not apply clock uncertainty to any clock-to-clock transfers.
Info (332140): No Setup paths to report
Info (332140): No Hold paths to report
Info (332140): No Recovery paths to report
Info (332140): No Removal paths to report
Info (332140): No Minimum Pulse Width paths to report
Info (332102): Design is not fully constrained for setup requirements
Info (332102): Design is not fully constrained for hold requirements
Info: Quartus II 64-Bit TimeQuest Timing Analyzer was successful. 0 errors, 6 warnings
    Info: Peak virtual memory: 1230 megabytes
    Info: Processing ended: Thu Aug 15 23:46:37 2019
    Info: Elapsed time: 00:00:14
    Info: Total CPU time (on all processors): 00:00:14


