TimeQuest Timing Analyzer report for BCD_adder_1D_G
Mon Sep  9 21:06:00 2019
Quartus II 32-bit Version 13.1.0 Build 162 10/23/2013 SJ Web Edition


---------------------
; Table of Contents ;
---------------------
  1. Legal Notice
  2. TimeQuest Timing Analyzer Summary
  3. Parallel Compilation
  4. Clocks
  5. Slow 1200mV 85C Model Fmax Summary
  6. Timing Closure Recommendations
  7. Slow 1200mV 85C Model Setup Summary
  8. Slow 1200mV 85C Model Hold Summary
  9. Slow 1200mV 85C Model Recovery Summary
 10. Slow 1200mV 85C Model Removal Summary
 11. Slow 1200mV 85C Model Minimum Pulse Width Summary
 12. Propagation Delay
 13. Minimum Propagation Delay
 14. Slow 1200mV 85C Model Metastability Report
 15. Slow 1200mV 0C Model Fmax Summary
 16. Slow 1200mV 0C Model Setup Summary
 17. Slow 1200mV 0C Model Hold Summary
 18. Slow 1200mV 0C Model Recovery Summary
 19. Slow 1200mV 0C Model Removal Summary
 20. Slow 1200mV 0C Model Minimum Pulse Width Summary
 21. Propagation Delay
 22. Minimum Propagation Delay
 23. Slow 1200mV 0C Model Metastability Report
 24. Fast 1200mV 0C Model Setup Summary
 25. Fast 1200mV 0C Model Hold Summary
 26. Fast 1200mV 0C Model Recovery Summary
 27. Fast 1200mV 0C Model Removal Summary
 28. Fast 1200mV 0C Model Minimum Pulse Width Summary
 29. Propagation Delay
 30. Minimum Propagation Delay
 31. Fast 1200mV 0C Model Metastability Report
 32. Multicorner Timing Analysis Summary
 33. Propagation Delay
 34. Minimum Propagation Delay
 35. Board Trace Model Assignments
 36. Input Transition Times
 37. Slow Corner Signal Integrity Metrics
 38. Fast Corner Signal Integrity Metrics
 39. Clock Transfers
 40. Report TCCS
 41. Report RSKM
 42. Unconstrained Paths
 43. TimeQuest Timing Analyzer Messages



----------------
; Legal Notice ;
----------------
Copyright (C) 1991-2013 Altera Corporation
Your use of Altera Corporation's design tools, logic functions 
and other software and tools, and its AMPP partner logic 
functions, and any output files from any of the foregoing 
(including device programming or simulation files), and any 
associated documentation or information are expressly subject 
to the terms and conditions of the Altera Program License 
Subscription Agreement, Altera MegaCore Function License 
Agreement, or other applicable license agreement, including, 
without limitation, that your use is for the sole purpose of 
programming logic devices manufactured by Altera and sold by 
Altera or its authorized distributors.  Please refer to the 
applicable agreement for further details.



+-------------------------------------------------------------------------+
; TimeQuest Timing Analyzer Summary                                       ;
+--------------------+----------------------------------------------------+
; Quartus II Version ; Version 13.1.0 Build 162 10/23/2013 SJ Web Edition ;
; Revision Name      ; BCD_adder_1D_G                                     ;
; Device Family      ; Cyclone III                                        ;
; Device Name        ; EP3C16F484C6                                       ;
; Timing Models      ; Final                                              ;
; Delay Model        ; Combined                                           ;
; Rise/Fall Delays   ; Enabled                                            ;
+--------------------+----------------------------------------------------+


Parallel compilation was disabled, but you have multiple processors available. Enable parallel compilation to reduce compilation time.
+-------------------------------------+
; Parallel Compilation                ;
+----------------------------+--------+
; Processors                 ; Number ;
+----------------------------+--------+
; Number detected on machine ; 4      ;
; Maximum allowed            ; 1      ;
+----------------------------+--------+


----------
; Clocks ;
----------
No clocks to report.


--------------------------------------
; Slow 1200mV 85C Model Fmax Summary ;
--------------------------------------
No paths to report.


----------------------------------
; Timing Closure Recommendations ;
----------------------------------
HTML report is unavailable in plain text report export.


---------------------------------------
; Slow 1200mV 85C Model Setup Summary ;
---------------------------------------
No paths to report.


--------------------------------------
; Slow 1200mV 85C Model Hold Summary ;
--------------------------------------
No paths to report.


------------------------------------------
; Slow 1200mV 85C Model Recovery Summary ;
------------------------------------------
No paths to report.


-----------------------------------------
; Slow 1200mV 85C Model Removal Summary ;
-----------------------------------------
No paths to report.


-----------------------------------------------------
; Slow 1200mV 85C Model Minimum Pulse Width Summary ;
-----------------------------------------------------
No paths to report.


+--------------------------------------------------------------+
; Propagation Delay                                            ;
+------------+-------------+--------+--------+--------+--------+
; Input Port ; Output Port ; RR     ; RF     ; FR     ; FF     ;
+------------+-------------+--------+--------+--------+--------+
; A0         ; C8          ; 10.441 ; 10.405 ; 11.054 ; 11.018 ;
; A0         ; S0          ; 7.027  ; 7.017  ; 7.453  ; 7.475  ;
; A0         ; S1          ; 8.453  ; 8.437  ; 9.020  ; 9.036  ;
; A0         ; S2          ; 8.134  ; 8.114  ; 8.700  ; 8.712  ;
; A0         ; S3          ; 7.702  ; 7.684  ; 8.233  ; 8.247  ;
; A0         ; S4          ; 9.130  ; 9.117  ; 9.719  ; 9.697  ;
; A0         ; S5          ; 11.086 ; 11.015 ; 11.699 ; 11.628 ;
; A0         ; S6          ; 11.658 ; 11.688 ; 12.271 ; 12.301 ;
; A0         ; S7          ; 11.891 ; 11.896 ; 12.504 ; 12.509 ;
; A1         ; C8          ; 9.958  ; 9.922  ; 10.508 ; 10.472 ;
; A1         ; S1          ; 7.924  ; 7.940  ; 8.474  ; 8.490  ;
; A1         ; S2          ; 7.604  ; 7.616  ; 8.154  ; 8.166  ;
; A1         ; S3          ; 7.174  ; 7.149  ; 7.687  ; 7.701  ;
; A1         ; S4          ; 8.623  ; 8.601  ; 9.173  ; 9.151  ;
; A1         ; S5          ; 10.603 ; 10.532 ; 11.153 ; 11.082 ;
; A1         ; S6          ; 11.175 ; 11.205 ; 11.725 ; 11.755 ;
; A1         ; S7          ; 11.408 ; 11.413 ; 11.958 ; 11.963 ;
; A2         ; C8          ; 9.640  ; 9.604  ; 10.223 ; 10.187 ;
; A2         ; S1          ; 7.703  ; 7.687  ; 8.189  ; 8.205  ;
; A2         ; S2          ; 7.384  ; 7.364  ; 7.869  ; 7.881  ;
; A2         ; S3          ; 6.952  ; 6.934  ; 7.402  ; 7.416  ;
; A2         ; S4          ; 8.380  ; 8.367  ; 8.888  ; 8.866  ;
; A2         ; S5          ; 10.285 ; 10.214 ; 10.868 ; 10.797 ;
; A2         ; S6          ; 10.857 ; 10.887 ; 11.440 ; 11.470 ;
; A2         ; S7          ; 11.090 ; 11.095 ; 11.673 ; 11.678 ;
; A3         ; C8          ; 9.088  ; 9.109  ; 9.700  ; 9.664  ;
; A3         ; S1          ; 7.212  ; 7.196  ; 7.666  ; 7.682  ;
; A3         ; S2          ; 6.893  ; 6.873  ; 7.346  ; 7.358  ;
; A3         ; S3          ; 6.471  ; 6.487  ; 6.899  ; 6.871  ;
; A3         ; S4          ; 7.889  ; 7.876  ; 8.365  ; 8.343  ;
; A3         ; S5          ; 9.790  ; 9.717  ; 10.345 ; 10.274 ;
; A3         ; S6          ; 10.362 ; 10.392 ; 10.917 ; 10.947 ;
; A3         ; S7          ; 10.595 ; 10.600 ; 11.150 ; 11.155 ;
; A4         ; C8          ; 8.179  ; 8.200  ; 8.800  ; 8.764  ;
; A4         ; S4          ; 6.991  ; 7.002  ; 7.452  ; 7.460  ;
; A4         ; S5          ; 8.881  ; 8.808  ; 9.445  ; 9.374  ;
; A4         ; S6          ; 9.453  ; 9.483  ; 10.017 ; 10.047 ;
; A4         ; S7          ; 9.686  ; 9.691  ; 10.250 ; 10.255 ;
; A5         ; C8          ; 7.155  ; 7.176  ; 7.657  ; 7.621  ;
; A5         ; S5          ; 7.857  ; 7.784  ; 8.302  ; 8.231  ;
; A5         ; S6          ; 8.429  ; 8.459  ; 8.874  ; 8.904  ;
; A5         ; S7          ; 8.662  ; 8.667  ; 9.107  ; 9.112  ;
; A6         ; C8          ; 6.719  ; 6.591  ; 6.999  ; 7.152  ;
; A6         ; S5          ; 7.357  ; 7.293  ; 7.833  ; 7.760  ;
; A6         ; S6          ; 7.930  ; 7.928  ; 8.405  ; 8.435  ;
; A6         ; S7          ; 8.131  ; 8.104  ; 8.638  ; 8.643  ;
; A7         ; C8          ; 6.742  ;        ;        ; 7.216  ;
; A7         ; S5          ; 7.380  ; 7.316  ; 7.897  ; 7.824  ;
; A7         ; S6          ; 7.953  ; 7.951  ; 8.469  ; 8.499  ;
; A7         ; S7          ; 8.154  ; 8.127  ; 8.702  ; 8.707  ;
; B0         ; C8          ; 10.597 ; 10.561 ; 11.180 ; 11.144 ;
; B0         ; S0          ; 7.156  ; 7.176  ; 7.628  ; 7.634  ;
; B0         ; S1          ; 8.563  ; 8.579  ; 9.146  ; 9.162  ;
; B0         ; S2          ; 8.243  ; 8.255  ; 8.826  ; 8.838  ;
; B0         ; S3          ; 7.813  ; 7.788  ; 8.359  ; 8.373  ;
; B0         ; S4          ; 9.262  ; 9.240  ; 9.845  ; 9.823  ;
; B0         ; S5          ; 11.242 ; 11.171 ; 11.825 ; 11.754 ;
; B0         ; S6          ; 11.814 ; 11.844 ; 12.397 ; 12.427 ;
; B0         ; S7          ; 12.047 ; 12.052 ; 12.630 ; 12.635 ;
; B1         ; C8          ; 9.937  ; 9.901  ; 10.495 ; 10.459 ;
; B1         ; S1          ; 7.946  ; 7.930  ; 8.461  ; 8.477  ;
; B1         ; S2          ; 7.627  ; 7.607  ; 8.141  ; 8.153  ;
; B1         ; S3          ; 7.195  ; 7.177  ; 7.674  ; 7.688  ;
; B1         ; S4          ; 8.623  ; 8.610  ; 9.160  ; 9.138  ;
; B1         ; S5          ; 10.582 ; 10.511 ; 11.140 ; 11.069 ;
; B1         ; S6          ; 11.154 ; 11.184 ; 11.712 ; 11.742 ;
; B1         ; S7          ; 11.387 ; 11.392 ; 11.945 ; 11.950 ;
; B2         ; C8          ; 9.178  ; 9.199  ; 9.847  ; 9.811  ;
; B2         ; S1          ; 7.302  ; 7.286  ; 7.813  ; 7.829  ;
; B2         ; S2          ; 6.983  ; 6.963  ; 7.493  ; 7.505  ;
; B2         ; S3          ; 6.551  ; 6.533  ; 7.026  ; 7.040  ;
; B2         ; S4          ; 7.979  ; 7.966  ; 8.512  ; 8.490  ;
; B2         ; S5          ; 9.880  ; 9.807  ; 10.492 ; 10.421 ;
; B2         ; S6          ; 10.452 ; 10.482 ; 11.064 ; 11.094 ;
; B2         ; S7          ; 10.685 ; 10.690 ; 11.297 ; 11.302 ;
; B3         ; C8          ; 9.047  ; 9.068  ; 9.678  ; 9.642  ;
; B3         ; S1          ; 7.171  ; 7.155  ; 7.644  ; 7.660  ;
; B3         ; S2          ; 6.852  ; 6.832  ; 7.324  ; 7.336  ;
; B3         ; S3          ; 6.429  ; 6.448  ; 6.889  ; 6.851  ;
; B3         ; S4          ; 7.848  ; 7.835  ; 8.343  ; 8.321  ;
; B3         ; S5          ; 9.749  ; 9.676  ; 10.323 ; 10.252 ;
; B3         ; S6          ; 10.321 ; 10.351 ; 10.895 ; 10.925 ;
; B3         ; S7          ; 10.554 ; 10.559 ; 11.128 ; 11.133 ;
; B4         ; C8          ; 7.986  ; 8.007  ; 8.566  ; 8.530  ;
; B4         ; S4          ; 6.786  ; 6.771  ; 7.188  ; 7.205  ;
; B4         ; S5          ; 8.688  ; 8.615  ; 9.211  ; 9.140  ;
; B4         ; S6          ; 9.260  ; 9.290  ; 9.783  ; 9.813  ;
; B4         ; S7          ; 9.493  ; 9.498  ; 10.016 ; 10.021 ;
; B5         ; C8          ; 7.085  ; 7.106  ; 7.604  ; 7.568  ;
; B5         ; S5          ; 7.787  ; 7.714  ; 8.249  ; 8.178  ;
; B5         ; S6          ; 8.359  ; 8.389  ; 8.821  ; 8.851  ;
; B5         ; S7          ; 8.592  ; 8.597  ; 9.054  ; 9.059  ;
; B6         ; C8          ; 6.599  ; 6.516  ; 6.955  ; 7.060  ;
; B6         ; S5          ; 7.237  ; 7.173  ; 7.741  ; 7.668  ;
; B6         ; S6          ; 7.810  ; 7.808  ; 8.313  ; 8.343  ;
; B6         ; S7          ; 8.011  ; 8.007  ; 8.546  ; 8.551  ;
; B7         ; C8          ; 6.163  ;        ;        ; 6.594  ;
; B7         ; S5          ; 6.801  ; 6.737  ; 7.275  ; 7.202  ;
; B7         ; S6          ; 7.374  ; 7.372  ; 7.847  ; 7.877  ;
; B7         ; S7          ; 7.575  ; 7.548  ; 8.080  ; 8.085  ;
+------------+-------------+--------+--------+--------+--------+


+------------------------------------------------------------+
; Minimum Propagation Delay                                  ;
+------------+-------------+-------+-------+--------+--------+
; Input Port ; Output Port ; RR    ; RF    ; FR     ; FF     ;
+------------+-------------+-------+-------+--------+--------+
; A0         ; C8          ; 9.480 ; 9.477 ; 9.900  ; 9.897  ;
; A0         ; S0          ; 6.854 ; 6.844 ; 7.272  ; 7.293  ;
; A0         ; S1          ; 7.331 ; 7.339 ; 7.751  ; 7.759  ;
; A0         ; S2          ; 7.024 ; 7.048 ; 7.444  ; 7.483  ;
; A0         ; S3          ; 7.335 ; 7.318 ; 7.755  ; 7.738  ;
; A0         ; S4          ; 8.706 ; 8.693 ; 9.126  ; 9.113  ;
; A0         ; S5          ; 8.918 ; 8.876 ; 9.338  ; 9.296  ;
; A0         ; S6          ; 9.500 ; 9.496 ; 9.920  ; 9.916  ;
; A0         ; S7          ; 8.867 ; 8.870 ; 9.287  ; 9.290  ;
; A1         ; C8          ; 8.935 ; 8.932 ; 9.353  ; 9.350  ;
; A1         ; S1          ; 6.786 ; 6.794 ; 7.204  ; 7.212  ;
; A1         ; S2          ; 6.479 ; 6.518 ; 6.897  ; 6.936  ;
; A1         ; S3          ; 6.790 ; 6.773 ; 7.208  ; 7.191  ;
; A1         ; S4          ; 8.161 ; 8.148 ; 8.579  ; 8.566  ;
; A1         ; S5          ; 8.373 ; 8.331 ; 8.791  ; 8.749  ;
; A1         ; S6          ; 8.955 ; 8.951 ; 9.373  ; 9.369  ;
; A1         ; S7          ; 8.322 ; 8.325 ; 8.740  ; 8.743  ;
; A2         ; C8          ; 8.820 ; 8.817 ; 9.259  ; 9.256  ;
; A2         ; S1          ; 7.396 ; 7.380 ; 7.835  ; 7.819  ;
; A2         ; S2          ; 6.654 ; 6.636 ; 7.097  ; 7.075  ;
; A2         ; S3          ; 6.675 ; 6.658 ; 7.114  ; 7.095  ;
; A2         ; S4          ; 8.046 ; 8.033 ; 8.485  ; 8.472  ;
; A2         ; S5          ; 8.258 ; 8.216 ; 8.697  ; 8.655  ;
; A2         ; S6          ; 8.840 ; 8.836 ; 9.279  ; 9.275  ;
; A2         ; S7          ; 8.207 ; 8.210 ; 8.646  ; 8.649  ;
; A3         ; C8          ; 8.424 ; 8.421 ; 8.844  ; 8.872  ;
; A3         ; S1          ; 7.000 ; 6.984 ; 7.401  ; 7.416  ;
; A3         ; S2          ; 6.694 ; 6.675 ; 7.093  ; 7.104  ;
; A3         ; S3          ; 6.262 ; 6.294 ; 6.697  ; 6.648  ;
; A3         ; S4          ; 7.650 ; 7.637 ; 8.071  ; 8.049  ;
; A3         ; S5          ; 7.862 ; 7.820 ; 8.312  ; 8.263  ;
; A3         ; S6          ; 8.444 ; 8.440 ; 8.876  ; 8.903  ;
; A3         ; S7          ; 7.811 ; 7.814 ; 8.261  ; 8.226  ;
; A4         ; C8          ; 7.536 ; 7.533 ; 7.989  ; 8.017  ;
; A4         ; S4          ; 6.761 ; 6.775 ; 7.219  ; 7.196  ;
; A4         ; S5          ; 7.694 ; 7.655 ; 8.147  ; 8.108  ;
; A4         ; S6          ; 7.863 ; 7.888 ; 8.393  ; 8.381  ;
; A4         ; S7          ; 7.766 ; 7.741 ; 8.273  ; 8.244  ;
; A5         ; C8          ; 6.727 ; 6.726 ; 7.157  ; 7.147  ;
; A5         ; S5          ; 6.885 ; 6.846 ; 7.315  ; 7.276  ;
; A5         ; S6          ; 7.054 ; 7.079 ; 7.523  ; 7.511  ;
; A5         ; S7          ; 6.957 ; 6.932 ; 7.403  ; 7.374  ;
; A6         ; C8          ; 6.459 ; 6.441 ; 6.838  ; 6.852  ;
; A6         ; S5          ; 7.066 ; 7.002 ; 7.445  ; 7.381  ;
; A6         ; S6          ; 7.204 ; 7.214 ; 7.585  ; 7.593  ;
; A6         ; S7          ; 6.674 ; 6.649 ; 7.051  ; 7.026  ;
; A7         ; C8          ; 6.545 ;       ;        ; 6.965  ;
; A7         ; S5          ; 7.152 ; 7.088 ; 7.612  ; 7.539  ;
; A7         ; S6          ; 7.302 ; 7.300 ; 7.763  ; 7.752  ;
; A7         ; S7          ; 7.052 ; 7.027 ; 7.495  ; 7.470  ;
; B0         ; C8          ; 9.542 ; 9.539 ; 10.003 ; 10.000 ;
; B0         ; S0          ; 6.917 ; 6.934 ; 7.378  ; 7.365  ;
; B0         ; S1          ; 7.393 ; 7.401 ; 7.854  ; 7.862  ;
; B0         ; S2          ; 7.086 ; 7.125 ; 7.547  ; 7.586  ;
; B0         ; S3          ; 7.397 ; 7.380 ; 7.858  ; 7.841  ;
; B0         ; S4          ; 8.768 ; 8.755 ; 9.229  ; 9.216  ;
; B0         ; S5          ; 8.980 ; 8.938 ; 9.441  ; 9.399  ;
; B0         ; S6          ; 9.562 ; 9.558 ; 10.023 ; 10.019 ;
; B0         ; S7          ; 8.929 ; 8.932 ; 9.390  ; 9.393  ;
; B1         ; C8          ; 9.000 ; 8.997 ; 9.402  ; 9.399  ;
; B1         ; S1          ; 6.851 ; 6.859 ; 7.253  ; 7.261  ;
; B1         ; S2          ; 6.544 ; 6.570 ; 6.946  ; 6.963  ;
; B1         ; S3          ; 6.855 ; 6.838 ; 7.257  ; 7.240  ;
; B1         ; S4          ; 8.226 ; 8.213 ; 8.628  ; 8.615  ;
; B1         ; S5          ; 8.438 ; 8.396 ; 8.840  ; 8.798  ;
; B1         ; S6          ; 9.020 ; 9.016 ; 9.422  ; 9.418  ;
; B1         ; S7          ; 8.387 ; 8.390 ; 8.789  ; 8.792  ;
; B2         ; C8          ; 8.326 ; 8.323 ; 8.707  ; 8.704  ;
; B2         ; S1          ; 6.902 ; 6.886 ; 7.283  ; 7.267  ;
; B2         ; S2          ; 6.220 ; 6.202 ; 6.653  ; 6.635  ;
; B2         ; S3          ; 6.181 ; 6.164 ; 6.562  ; 6.545  ;
; B2         ; S4          ; 7.552 ; 7.539 ; 7.933  ; 7.920  ;
; B2         ; S5          ; 7.764 ; 7.722 ; 8.145  ; 8.103  ;
; B2         ; S6          ; 8.346 ; 8.342 ; 8.727  ; 8.723  ;
; B2         ; S7          ; 7.713 ; 7.716 ; 8.094  ; 8.097  ;
; B3         ; C8          ; 8.380 ; 8.377 ; 8.818  ; 8.846  ;
; B3         ; S1          ; 6.956 ; 6.940 ; 7.375  ; 7.390  ;
; B3         ; S2          ; 6.650 ; 6.631 ; 7.067  ; 7.078  ;
; B3         ; S3          ; 6.224 ; 6.256 ; 6.685  ; 6.627  ;
; B3         ; S4          ; 7.606 ; 7.593 ; 8.045  ; 8.023  ;
; B3         ; S5          ; 7.818 ; 7.776 ; 8.286  ; 8.237  ;
; B3         ; S6          ; 8.400 ; 8.396 ; 8.850  ; 8.877  ;
; B3         ; S7          ; 7.767 ; 7.770 ; 8.235  ; 8.200  ;
; B4         ; C8          ; 7.473 ; 7.500 ; 7.947  ; 7.962  ;
; B4         ; S4          ; 6.625 ; 6.610 ; 7.017  ; 7.033  ;
; B4         ; S5          ; 7.631 ; 7.592 ; 8.105  ; 8.066  ;
; B4         ; S6          ; 7.815 ; 7.840 ; 8.318  ; 8.306  ;
; B4         ; S7          ; 7.718 ; 7.693 ; 8.198  ; 8.169  ;
; B5         ; C8          ; 6.612 ; 6.638 ; 7.026  ; 7.015  ;
; B5         ; S5          ; 6.770 ; 6.731 ; 7.184  ; 7.145  ;
; B5         ; S6          ; 6.947 ; 6.972 ; 7.393  ; 7.381  ;
; B5         ; S7          ; 6.850 ; 6.825 ; 7.273  ; 7.244  ;
; B6         ; C8          ; 6.326 ; 6.332 ; 6.762  ; 6.768  ;
; B6         ; S5          ; 6.933 ; 6.869 ; 7.369  ; 7.305  ;
; B6         ; S6          ; 7.040 ; 7.066 ; 7.473  ; 7.490  ;
; B6         ; S7          ; 6.517 ; 6.492 ; 6.946  ; 6.912  ;
; B7         ; C8          ; 5.992 ;       ;        ; 6.371  ;
; B7         ; S5          ; 6.599 ; 6.535 ; 7.018  ; 6.945  ;
; B7         ; S6          ; 6.749 ; 6.747 ; 7.169  ; 7.158  ;
; B7         ; S7          ; 6.160 ; 6.162 ; 6.580  ; 6.545  ;
+------------+-------------+-------+-------+--------+--------+


----------------------------------------------
; Slow 1200mV 85C Model Metastability Report ;
----------------------------------------------
No synchronizer chains to report.


-------------------------------------
; Slow 1200mV 0C Model Fmax Summary ;
-------------------------------------
No paths to report.


--------------------------------------
; Slow 1200mV 0C Model Setup Summary ;
--------------------------------------
No paths to report.


-------------------------------------
; Slow 1200mV 0C Model Hold Summary ;
-------------------------------------
No paths to report.


-----------------------------------------
; Slow 1200mV 0C Model Recovery Summary ;
-----------------------------------------
No paths to report.


----------------------------------------
; Slow 1200mV 0C Model Removal Summary ;
----------------------------------------
No paths to report.


----------------------------------------------------
; Slow 1200mV 0C Model Minimum Pulse Width Summary ;
----------------------------------------------------
No paths to report.


+--------------------------------------------------------------+
; Propagation Delay                                            ;
+------------+-------------+--------+--------+--------+--------+
; Input Port ; Output Port ; RR     ; RF     ; FR     ; FF     ;
+------------+-------------+--------+--------+--------+--------+
; A0         ; C8          ; 9.566  ; 9.528  ; 10.080 ; 10.028 ;
; A0         ; S0          ; 6.533  ; 6.503  ; 6.878  ; 6.877  ;
; A0         ; S1          ; 7.818  ; 7.782  ; 8.282  ; 8.275  ;
; A0         ; S2          ; 7.521  ; 7.491  ; 7.983  ; 7.983  ;
; A0         ; S3          ; 7.133  ; 7.102  ; 7.567  ; 7.565  ;
; A0         ; S4          ; 8.461  ; 8.421  ; 8.899  ; 8.851  ;
; A0         ; S5          ; 10.148 ; 10.084 ; 10.655 ; 10.598 ;
; A0         ; S6          ; 10.689 ; 10.674 ; 11.199 ; 11.174 ;
; A0         ; S7          ; 10.879 ; 10.863 ; 11.379 ; 11.363 ;
; A1         ; C8          ; 9.111  ; 9.059  ; 9.590  ; 9.538  ;
; A1         ; S1          ; 7.313  ; 7.306  ; 7.792  ; 7.785  ;
; A1         ; S2          ; 7.015  ; 7.014  ; 7.493  ; 7.493  ;
; A1         ; S3          ; 6.631  ; 6.596  ; 7.077  ; 7.075  ;
; A1         ; S4          ; 7.955  ; 7.915  ; 8.409  ; 8.361  ;
; A1         ; S5          ; 9.686  ; 9.629  ; 10.165 ; 10.108 ;
; A1         ; S6          ; 10.230 ; 10.205 ; 10.709 ; 10.684 ;
; A1         ; S7          ; 10.410 ; 10.394 ; 10.889 ; 10.873 ;
; A2         ; C8          ; 8.862  ; 8.857  ; 9.332  ; 9.280  ;
; A2         ; S1          ; 7.147  ; 7.111  ; 7.534  ; 7.527  ;
; A2         ; S2          ; 6.850  ; 6.820  ; 7.235  ; 7.235  ;
; A2         ; S3          ; 6.462  ; 6.431  ; 6.819  ; 6.817  ;
; A2         ; S4          ; 7.790  ; 7.750  ; 8.151  ; 8.103  ;
; A2         ; S5          ; 9.477  ; 9.412  ; 9.907  ; 9.850  ;
; A2         ; S6          ; 10.018 ; 10.003 ; 10.451 ; 10.426 ;
; A2         ; S7          ; 10.208 ; 10.192 ; 10.631 ; 10.615 ;
; A3         ; C8          ; 8.406  ; 8.401  ; 8.879  ; 8.827  ;
; A3         ; S1          ; 6.691  ; 6.655  ; 7.081  ; 7.074  ;
; A3         ; S2          ; 6.394  ; 6.364  ; 6.782  ; 6.782  ;
; A3         ; S3          ; 6.014  ; 6.012  ; 6.382  ; 6.344  ;
; A3         ; S4          ; 7.334  ; 7.294  ; 7.698  ; 7.650  ;
; A3         ; S5          ; 9.021  ; 8.956  ; 9.454  ; 9.397  ;
; A3         ; S6          ; 9.562  ; 9.547  ; 9.998  ; 9.973  ;
; A3         ; S7          ; 9.752  ; 9.736  ; 10.178 ; 10.162 ;
; A4         ; C8          ; 7.557  ; 7.552  ; 8.052  ; 8.000  ;
; A4         ; S4          ; 6.495  ; 6.477  ; 6.860  ; 6.838  ;
; A4         ; S5          ; 8.172  ; 8.107  ; 8.627  ; 8.570  ;
; A4         ; S6          ; 8.713  ; 8.698  ; 9.171  ; 9.146  ;
; A4         ; S7          ; 8.903  ; 8.887  ; 9.351  ; 9.335  ;
; A5         ; C8          ; 6.637  ; 6.632  ; 7.058  ; 7.006  ;
; A5         ; S5          ; 7.252  ; 7.187  ; 7.633  ; 7.576  ;
; A5         ; S6          ; 7.793  ; 7.778  ; 8.177  ; 8.152  ;
; A5         ; S7          ; 7.983  ; 7.967  ; 8.357  ; 8.341  ;
; A6         ; C8          ; 6.243  ; 6.105  ; 6.484  ; 6.602  ;
; A6         ; S5          ; 6.818  ; 6.761  ; 7.222  ; 7.157  ;
; A6         ; S6          ; 7.362  ; 7.318  ; 7.763  ; 7.748  ;
; A6         ; S7          ; 7.526  ; 7.481  ; 7.953  ; 7.937  ;
; A7         ; C8          ; 6.263  ;        ;        ; 6.636  ;
; A7         ; S5          ; 6.838  ; 6.781  ; 7.256  ; 7.191  ;
; A7         ; S6          ; 7.382  ; 7.338  ; 7.797  ; 7.782  ;
; A7         ; S7          ; 7.546  ; 7.501  ; 7.987  ; 7.971  ;
; B0         ; C8          ; 9.694  ; 9.642  ; 10.184 ; 10.132 ;
; B0         ; S0          ; 6.637  ; 6.635  ; 7.028  ; 7.012  ;
; B0         ; S1          ; 7.896  ; 7.889  ; 8.386  ; 8.379  ;
; B0         ; S2          ; 7.597  ; 7.597  ; 8.087  ; 8.087  ;
; B0         ; S3          ; 7.214  ; 7.177  ; 7.671  ; 7.669  ;
; B0         ; S4          ; 8.533  ; 8.493  ; 9.003  ; 8.955  ;
; B0         ; S5          ; 10.269 ; 10.212 ; 10.759 ; 10.702 ;
; B0         ; S6          ; 10.813 ; 10.788 ; 11.303 ; 11.278 ;
; B0         ; S7          ; 10.993 ; 10.977 ; 11.483 ; 11.467 ;
; B1         ; C8          ; 9.098  ; 9.058  ; 9.592  ; 9.540  ;
; B1         ; S1          ; 7.348  ; 7.312  ; 7.794  ; 7.787  ;
; B1         ; S2          ; 7.051  ; 7.021  ; 7.495  ; 7.495  ;
; B1         ; S3          ; 6.663  ; 6.632  ; 7.079  ; 7.077  ;
; B1         ; S4          ; 7.991  ; 7.951  ; 8.411  ; 8.363  ;
; B1         ; S5          ; 9.678  ; 9.616  ; 10.167 ; 10.110 ;
; B1         ; S6          ; 10.219 ; 10.204 ; 10.711 ; 10.686 ;
; B1         ; S7          ; 10.409 ; 10.393 ; 10.891 ; 10.875 ;
; B2         ; C8          ; 8.474  ; 8.469  ; 9.001  ; 8.949  ;
; B2         ; S1          ; 6.759  ; 6.723  ; 7.203  ; 7.196  ;
; B2         ; S2          ; 6.462  ; 6.432  ; 6.904  ; 6.904  ;
; B2         ; S3          ; 6.074  ; 6.043  ; 6.488  ; 6.486  ;
; B2         ; S4          ; 7.402  ; 7.362  ; 7.820  ; 7.772  ;
; B2         ; S5          ; 9.089  ; 9.024  ; 9.576  ; 9.519  ;
; B2         ; S6          ; 9.630  ; 9.615  ; 10.120 ; 10.095 ;
; B2         ; S7          ; 9.820  ; 9.804  ; 10.300 ; 10.284 ;
; B3         ; C8          ; 8.364  ; 8.359  ; 8.847  ; 8.795  ;
; B3         ; S1          ; 6.649  ; 6.613  ; 7.049  ; 7.042  ;
; B3         ; S2          ; 6.352  ; 6.322  ; 6.750  ; 6.750  ;
; B3         ; S3          ; 5.973  ; 5.975  ; 6.360  ; 6.315  ;
; B3         ; S4          ; 7.292  ; 7.252  ; 7.666  ; 7.618  ;
; B3         ; S5          ; 8.979  ; 8.914  ; 9.422  ; 9.365  ;
; B3         ; S6          ; 9.520  ; 9.505  ; 9.966  ; 9.941  ;
; B3         ; S7          ; 9.710  ; 9.694  ; 10.146 ; 10.130 ;
; B4         ; C8          ; 7.389  ; 7.384  ; 7.868  ; 7.816  ;
; B4         ; S4          ; 6.316  ; 6.274  ; 6.649  ; 6.636  ;
; B4         ; S5          ; 8.004  ; 7.939  ; 8.443  ; 8.386  ;
; B4         ; S6          ; 8.545  ; 8.530  ; 8.987  ; 8.962  ;
; B4         ; S7          ; 8.735  ; 8.719  ; 9.167  ; 9.151  ;
; B5         ; C8          ; 6.563  ; 6.558  ; 7.002  ; 6.950  ;
; B5         ; S5          ; 7.178  ; 7.113  ; 7.577  ; 7.520  ;
; B5         ; S6          ; 7.719  ; 7.704  ; 8.121  ; 8.096  ;
; B5         ; S7          ; 7.909  ; 7.893  ; 8.301  ; 8.285  ;
; B6         ; C8          ; 6.127  ; 6.027  ; 6.432  ; 6.510  ;
; B6         ; S5          ; 6.702  ; 6.645  ; 7.130  ; 7.065  ;
; B6         ; S6          ; 7.246  ; 7.202  ; 7.671  ; 7.656  ;
; B6         ; S7          ; 7.410  ; 7.365  ; 7.861  ; 7.845  ;
; B7         ; C8          ; 5.732  ;        ;        ; 6.084  ;
; B7         ; S5          ; 6.307  ; 6.250  ; 6.704  ; 6.639  ;
; B7         ; S6          ; 6.851  ; 6.807  ; 7.245  ; 7.230  ;
; B7         ; S7          ; 7.015  ; 6.970  ; 7.435  ; 7.419  ;
+------------+-------------+--------+--------+--------+--------+


+----------------------------------------------------------+
; Minimum Propagation Delay                                ;
+------------+-------------+-------+-------+-------+-------+
; Input Port ; Output Port ; RR    ; RF    ; FR    ; FF    ;
+------------+-------------+-------+-------+-------+-------+
; A0         ; C8          ; 8.789 ; 8.760 ; 9.129 ; 9.100 ;
; A0         ; S0          ; 6.385 ; 6.354 ; 6.724 ; 6.721 ;
; A0         ; S1          ; 6.817 ; 6.808 ; 7.157 ; 7.148 ;
; A0         ; S2          ; 6.531 ; 6.534 ; 6.871 ; 6.900 ;
; A0         ; S3          ; 6.817 ; 6.789 ; 7.157 ; 7.129 ;
; A0         ; S4          ; 8.093 ; 8.054 ; 8.433 ; 8.394 ;
; A0         ; S5          ; 8.266 ; 8.233 ; 8.606 ; 8.573 ;
; A0         ; S6          ; 8.817 ; 8.775 ; 9.157 ; 9.115 ;
; A0         ; S7          ; 8.225 ; 8.208 ; 8.565 ; 8.552 ;
; A1         ; C8          ; 8.276 ; 8.247 ; 8.630 ; 8.605 ;
; A1         ; S1          ; 6.304 ; 6.295 ; 6.662 ; 6.653 ;
; A1         ; S2          ; 6.018 ; 6.047 ; 6.376 ; 6.397 ;
; A1         ; S3          ; 6.304 ; 6.276 ; 6.662 ; 6.634 ;
; A1         ; S4          ; 7.580 ; 7.541 ; 7.936 ; 7.891 ;
; A1         ; S5          ; 7.753 ; 7.720 ; 8.111 ; 8.078 ;
; A1         ; S6          ; 8.304 ; 8.262 ; 8.662 ; 8.620 ;
; A1         ; S7          ; 7.712 ; 7.695 ; 8.070 ; 8.045 ;
; A2         ; C8          ; 8.169 ; 8.165 ; 8.513 ; 8.512 ;
; A2         ; S1          ; 6.880 ; 6.844 ; 7.228 ; 7.194 ;
; A2         ; S2          ; 6.201 ; 6.171 ; 6.553 ; 6.519 ;
; A2         ; S3          ; 6.222 ; 6.194 ; 6.572 ; 6.538 ;
; A2         ; S4          ; 7.475 ; 7.430 ; 7.819 ; 7.774 ;
; A2         ; S5          ; 7.671 ; 7.629 ; 8.015 ; 7.973 ;
; A2         ; S6          ; 8.207 ; 8.180 ; 8.551 ; 8.530 ;
; A2         ; S7          ; 7.630 ; 7.584 ; 7.977 ; 7.928 ;
; A3         ; C8          ; 7.819 ; 7.790 ; 8.134 ; 8.133 ;
; A3         ; S1          ; 6.505 ; 6.469 ; 6.849 ; 6.841 ;
; A3         ; S2          ; 6.221 ; 6.191 ; 6.562 ; 6.560 ;
; A3         ; S3          ; 5.831 ; 5.848 ; 6.208 ; 6.152 ;
; A3         ; S4          ; 7.123 ; 7.084 ; 7.440 ; 7.395 ;
; A3         ; S5          ; 7.296 ; 7.263 ; 7.636 ; 7.594 ;
; A3         ; S6          ; 7.847 ; 7.805 ; 8.172 ; 8.158 ;
; A3         ; S7          ; 7.255 ; 7.242 ; 7.598 ; 7.549 ;
; A4         ; C8          ; 6.989 ; 6.960 ; 7.350 ; 7.349 ;
; A4         ; S4          ; 6.293 ; 6.282 ; 6.656 ; 6.610 ;
; A4         ; S5          ; 7.120 ; 7.089 ; 7.481 ; 7.450 ;
; A4         ; S6          ; 7.295 ; 7.282 ; 7.720 ; 7.674 ;
; A4         ; S7          ; 7.195 ; 7.151 ; 7.601 ; 7.553 ;
; A5         ; C8          ; 6.261 ; 6.234 ; 6.627 ; 6.594 ;
; A5         ; S5          ; 6.392 ; 6.361 ; 6.758 ; 6.727 ;
; A5         ; S6          ; 6.568 ; 6.555 ; 6.965 ; 6.919 ;
; A5         ; S7          ; 6.468 ; 6.424 ; 6.846 ; 6.798 ;
; A6         ; C8          ; 6.016 ; 5.977 ; 6.347 ; 6.337 ;
; A6         ; S5          ; 6.561 ; 6.502 ; 6.892 ; 6.834 ;
; A6         ; S6          ; 6.710 ; 6.671 ; 7.040 ; 7.013 ;
; A6         ; S7          ; 6.211 ; 6.165 ; 6.539 ; 6.497 ;
; A7         ; C8          ; 6.095 ;       ;       ; 6.420 ;
; A7         ; S5          ; 6.640 ; 6.582 ; 7.009 ; 6.945 ;
; A7         ; S6          ; 6.801 ; 6.761 ; 7.170 ; 7.124 ;
; A7         ; S7          ; 6.557 ; 6.515 ; 6.918 ; 6.870 ;
; B0         ; C8          ; 8.831 ; 8.802 ; 9.203 ; 9.184 ;
; B0         ; S0          ; 6.429 ; 6.427 ; 6.812 ; 6.779 ;
; B0         ; S1          ; 6.859 ; 6.850 ; 7.241 ; 7.232 ;
; B0         ; S2          ; 6.573 ; 6.602 ; 6.955 ; 6.973 ;
; B0         ; S3          ; 6.859 ; 6.831 ; 7.241 ; 7.213 ;
; B0         ; S4          ; 8.135 ; 8.096 ; 8.509 ; 8.464 ;
; B0         ; S5          ; 8.308 ; 8.275 ; 8.690 ; 8.657 ;
; B0         ; S6          ; 8.859 ; 8.817 ; 9.241 ; 9.199 ;
; B0         ; S7          ; 8.267 ; 8.254 ; 8.649 ; 8.618 ;
; B1         ; C8          ; 8.342 ; 8.313 ; 8.691 ; 8.667 ;
; B1         ; S1          ; 6.370 ; 6.361 ; 6.724 ; 6.715 ;
; B1         ; S2          ; 6.084 ; 6.089 ; 6.438 ; 6.437 ;
; B1         ; S3          ; 6.370 ; 6.342 ; 6.724 ; 6.696 ;
; B1         ; S4          ; 7.646 ; 7.607 ; 7.997 ; 7.952 ;
; B1         ; S5          ; 7.819 ; 7.786 ; 8.173 ; 8.140 ;
; B1         ; S6          ; 8.370 ; 8.328 ; 8.724 ; 8.682 ;
; B1         ; S7          ; 7.778 ; 7.761 ; 8.132 ; 8.106 ;
; B2         ; C8          ; 7.703 ; 7.701 ; 8.060 ; 8.031 ;
; B2         ; S1          ; 6.416 ; 6.380 ; 6.746 ; 6.710 ;
; B2         ; S2          ; 5.786 ; 5.758 ; 6.161 ; 6.133 ;
; B2         ; S3          ; 5.758 ; 5.728 ; 6.088 ; 6.060 ;
; B2         ; S4          ; 7.009 ; 6.964 ; 7.364 ; 7.322 ;
; B2         ; S5          ; 7.205 ; 7.163 ; 7.537 ; 7.504 ;
; B2         ; S6          ; 7.741 ; 7.716 ; 8.088 ; 8.046 ;
; B2         ; S7          ; 7.166 ; 7.118 ; 7.496 ; 7.476 ;
; B3         ; C8          ; 7.777 ; 7.748 ; 8.101 ; 8.100 ;
; B3         ; S1          ; 6.463 ; 6.427 ; 6.816 ; 6.808 ;
; B3         ; S2          ; 6.179 ; 6.149 ; 6.529 ; 6.527 ;
; B3         ; S3          ; 5.794 ; 5.812 ; 6.187 ; 6.124 ;
; B3         ; S4          ; 7.081 ; 7.042 ; 7.407 ; 7.362 ;
; B3         ; S5          ; 7.254 ; 7.221 ; 7.603 ; 7.561 ;
; B3         ; S6          ; 7.805 ; 7.763 ; 8.139 ; 8.125 ;
; B3         ; S7          ; 7.213 ; 7.200 ; 7.565 ; 7.516 ;
; B4         ; C8          ; 6.939 ; 6.941 ; 7.329 ; 7.318 ;
; B4         ; S4          ; 6.177 ; 6.136 ; 6.503 ; 6.490 ;
; B4         ; S5          ; 7.070 ; 7.039 ; 7.460 ; 7.429 ;
; B4         ; S6          ; 7.260 ; 7.247 ; 7.670 ; 7.624 ;
; B4         ; S7          ; 7.160 ; 7.116 ; 7.551 ; 7.503 ;
; B5         ; C8          ; 6.147 ; 6.147 ; 6.502 ; 6.469 ;
; B5         ; S5          ; 6.278 ; 6.247 ; 6.633 ; 6.602 ;
; B5         ; S6          ; 6.464 ; 6.451 ; 6.840 ; 6.794 ;
; B5         ; S7          ; 6.364 ; 6.320 ; 6.721 ; 6.673 ;
; B6         ; C8          ; 5.886 ; 5.876 ; 6.269 ; 6.252 ;
; B6         ; S5          ; 6.431 ; 6.373 ; 6.814 ; 6.756 ;
; B6         ; S6          ; 6.553 ; 6.541 ; 6.930 ; 6.889 ;
; B6         ; S7          ; 6.062 ; 6.020 ; 6.426 ; 6.378 ;
; B7         ; C8          ; 5.585 ;       ;       ; 5.891 ;
; B7         ; S5          ; 6.130 ; 6.072 ; 6.480 ; 6.416 ;
; B7         ; S6          ; 6.291 ; 6.251 ; 6.641 ; 6.595 ;
; B7         ; S7          ; 5.733 ; 5.718 ; 6.094 ; 6.046 ;
+------------+-------------+-------+-------+-------+-------+


---------------------------------------------
; Slow 1200mV 0C Model Metastability Report ;
---------------------------------------------
No synchronizer chains to report.


--------------------------------------
; Fast 1200mV 0C Model Setup Summary ;
--------------------------------------
No paths to report.


-------------------------------------
; Fast 1200mV 0C Model Hold Summary ;
-------------------------------------
No paths to report.


-----------------------------------------
; Fast 1200mV 0C Model Recovery Summary ;
-----------------------------------------
No paths to report.


----------------------------------------
; Fast 1200mV 0C Model Removal Summary ;
----------------------------------------
No paths to report.


----------------------------------------------------
; Fast 1200mV 0C Model Minimum Pulse Width Summary ;
----------------------------------------------------
No paths to report.


+----------------------------------------------------------+
; Propagation Delay                                        ;
+------------+-------------+-------+-------+-------+-------+
; Input Port ; Output Port ; RR    ; RF    ; FR    ; FF    ;
+------------+-------------+-------+-------+-------+-------+
; A0         ; C8          ; 6.136 ; 6.124 ; 6.840 ; 6.828 ;
; A0         ; S0          ; 4.194 ; 4.220 ; 4.793 ; 4.837 ;
; A0         ; S1          ; 4.964 ; 4.997 ; 5.662 ; 5.701 ;
; A0         ; S2          ; 4.765 ; 4.776 ; 5.461 ; 5.480 ;
; A0         ; S3          ; 4.539 ; 4.540 ; 5.213 ; 5.232 ;
; A0         ; S4          ; 5.397 ; 5.412 ; 6.101 ; 6.116 ;
; A0         ; S5          ; 6.437 ; 6.481 ; 7.141 ; 7.185 ;
; A0         ; S6          ; 6.825 ; 6.869 ; 7.529 ; 7.573 ;
; A0         ; S7          ; 6.926 ; 6.960 ; 7.630 ; 7.664 ;
; A1         ; C8          ; 5.851 ; 5.839 ; 6.483 ; 6.471 ;
; A1         ; S1          ; 4.673 ; 4.712 ; 5.305 ; 5.344 ;
; A1         ; S2          ; 4.472 ; 4.491 ; 5.104 ; 5.123 ;
; A1         ; S3          ; 4.243 ; 4.240 ; 4.856 ; 4.875 ;
; A1         ; S4          ; 5.112 ; 5.127 ; 5.744 ; 5.759 ;
; A1         ; S5          ; 6.152 ; 6.196 ; 6.784 ; 6.828 ;
; A1         ; S6          ; 6.540 ; 6.584 ; 7.172 ; 7.216 ;
; A1         ; S7          ; 6.641 ; 6.675 ; 7.273 ; 7.307 ;
; A2         ; C8          ; 5.695 ; 5.683 ; 6.372 ; 6.360 ;
; A2         ; S1          ; 4.555 ; 4.576 ; 5.194 ; 5.233 ;
; A2         ; S2          ; 4.356 ; 4.356 ; 4.993 ; 5.012 ;
; A2         ; S3          ; 4.130 ; 4.131 ; 4.745 ; 4.764 ;
; A2         ; S4          ; 4.956 ; 4.971 ; 5.633 ; 5.648 ;
; A2         ; S5          ; 5.996 ; 6.040 ; 6.673 ; 6.717 ;
; A2         ; S6          ; 6.384 ; 6.428 ; 7.061 ; 7.105 ;
; A2         ; S7          ; 6.485 ; 6.519 ; 7.162 ; 7.196 ;
; A3         ; C8          ; 5.302 ; 5.329 ; 6.067 ; 6.055 ;
; A3         ; S1          ; 4.287 ; 4.308 ; 4.889 ; 4.928 ;
; A3         ; S2          ; 4.088 ; 4.088 ; 4.688 ; 4.707 ;
; A3         ; S3          ; 3.868 ; 3.886 ; 4.458 ; 4.444 ;
; A3         ; S4          ; 4.667 ; 4.689 ; 5.328 ; 5.343 ;
; A3         ; S5          ; 5.642 ; 5.686 ; 6.368 ; 6.412 ;
; A3         ; S6          ; 6.030 ; 6.074 ; 6.756 ; 6.800 ;
; A3         ; S7          ; 6.131 ; 6.165 ; 6.857 ; 6.891 ;
; A4         ; C8          ; 4.796 ; 4.823 ; 5.508 ; 5.496 ;
; A4         ; S4          ; 4.166 ; 4.198 ; 4.771 ; 4.794 ;
; A4         ; S5          ; 5.136 ; 5.180 ; 5.809 ; 5.853 ;
; A4         ; S6          ; 5.524 ; 5.568 ; 6.197 ; 6.241 ;
; A4         ; S7          ; 5.625 ; 5.659 ; 6.298 ; 6.332 ;
; A5         ; C8          ; 4.225 ; 4.252 ; 4.867 ; 4.855 ;
; A5         ; S5          ; 4.565 ; 4.609 ; 5.168 ; 5.212 ;
; A5         ; S6          ; 4.953 ; 4.997 ; 5.556 ; 5.600 ;
; A5         ; S7          ; 5.054 ; 5.088 ; 5.657 ; 5.691 ;
; A6         ; C8          ; 3.990 ; 3.938 ; 4.488 ; 4.588 ;
; A6         ; S5          ; 4.279 ; 4.330 ; 4.901 ; 4.945 ;
; A6         ; S6          ; 4.662 ; 4.688 ; 5.289 ; 5.333 ;
; A6         ; S7          ; 4.742 ; 4.774 ; 5.390 ; 5.424 ;
; A7         ; C8          ; 4.026 ;       ;       ; 4.650 ;
; A7         ; S5          ; 4.315 ; 4.366 ; 4.963 ; 5.007 ;
; A7         ; S6          ; 4.698 ; 4.724 ; 5.351 ; 5.395 ;
; A7         ; S7          ; 4.778 ; 4.794 ; 5.452 ; 5.486 ;
; B0         ; C8          ; 6.199 ; 6.187 ; 6.891 ; 6.879 ;
; B0         ; S0          ; 4.245 ; 4.285 ; 4.882 ; 4.909 ;
; B0         ; S1          ; 5.021 ; 5.060 ; 5.713 ; 5.752 ;
; B0         ; S2          ; 4.820 ; 4.839 ; 5.512 ; 5.531 ;
; B0         ; S3          ; 4.591 ; 4.588 ; 5.264 ; 5.283 ;
; B0         ; S4          ; 5.460 ; 5.475 ; 6.152 ; 6.167 ;
; B0         ; S5          ; 6.500 ; 6.544 ; 7.192 ; 7.236 ;
; B0         ; S6          ; 6.888 ; 6.932 ; 7.580 ; 7.624 ;
; B0         ; S7          ; 6.989 ; 7.023 ; 7.681 ; 7.715 ;
; B1         ; C8          ; 5.847 ; 5.835 ; 6.497 ; 6.485 ;
; B1         ; S1          ; 4.671 ; 4.708 ; 5.319 ; 5.358 ;
; B1         ; S2          ; 4.472 ; 4.487 ; 5.118 ; 5.137 ;
; B1         ; S3          ; 4.246 ; 4.247 ; 4.870 ; 4.889 ;
; B1         ; S4          ; 5.108 ; 5.123 ; 5.758 ; 5.773 ;
; B1         ; S5          ; 6.148 ; 6.192 ; 6.798 ; 6.842 ;
; B1         ; S6          ; 6.536 ; 6.580 ; 7.186 ; 7.230 ;
; B1         ; S7          ; 6.637 ; 6.671 ; 7.287 ; 7.321 ;
; B2         ; C8          ; 5.378 ; 5.366 ; 6.103 ; 6.091 ;
; B2         ; S1          ; 4.314 ; 4.335 ; 4.925 ; 4.964 ;
; B2         ; S2          ; 4.115 ; 4.115 ; 4.724 ; 4.743 ;
; B2         ; S3          ; 3.889 ; 3.890 ; 4.476 ; 4.495 ;
; B2         ; S4          ; 4.694 ; 4.716 ; 5.364 ; 5.379 ;
; B2         ; S5          ; 5.679 ; 5.723 ; 6.404 ; 6.448 ;
; B2         ; S6          ; 6.067 ; 6.111 ; 6.792 ; 6.836 ;
; B2         ; S7          ; 6.168 ; 6.202 ; 6.893 ; 6.927 ;
; B3         ; C8          ; 5.265 ; 5.292 ; 6.036 ; 6.024 ;
; B3         ; S1          ; 4.250 ; 4.271 ; 4.858 ; 4.897 ;
; B3         ; S2          ; 4.051 ; 4.051 ; 4.657 ; 4.676 ;
; B3         ; S3          ; 3.833 ; 3.852 ; 4.434 ; 4.414 ;
; B3         ; S4          ; 4.630 ; 4.652 ; 5.297 ; 5.312 ;
; B3         ; S5          ; 5.605 ; 5.649 ; 6.337 ; 6.381 ;
; B3         ; S6          ; 5.993 ; 6.037 ; 6.725 ; 6.769 ;
; B3         ; S7          ; 6.094 ; 6.128 ; 6.826 ; 6.860 ;
; B4         ; C8          ; 4.688 ; 4.715 ; 5.383 ; 5.371 ;
; B4         ; S4          ; 4.051 ; 4.070 ; 4.621 ; 4.658 ;
; B4         ; S5          ; 5.028 ; 5.072 ; 5.684 ; 5.728 ;
; B4         ; S6          ; 5.416 ; 5.460 ; 6.072 ; 6.116 ;
; B4         ; S7          ; 5.517 ; 5.551 ; 6.173 ; 6.207 ;
; B5         ; C8          ; 4.180 ; 4.207 ; 4.808 ; 4.796 ;
; B5         ; S5          ; 4.520 ; 4.564 ; 5.109 ; 5.153 ;
; B5         ; S6          ; 4.908 ; 4.952 ; 5.497 ; 5.541 ;
; B5         ; S7          ; 5.009 ; 5.043 ; 5.598 ; 5.632 ;
; B6         ; C8          ; 3.924 ; 3.897 ; 4.449 ; 4.513 ;
; B6         ; S5          ; 4.213 ; 4.264 ; 4.826 ; 4.870 ;
; B6         ; S6          ; 4.598 ; 4.642 ; 5.214 ; 5.258 ;
; B6         ; S7          ; 4.699 ; 4.733 ; 5.315 ; 5.349 ;
; B7         ; C8          ; 3.677 ;       ;       ; 4.246 ;
; B7         ; S5          ; 3.966 ; 4.017 ; 4.559 ; 4.603 ;
; B7         ; S6          ; 4.349 ; 4.375 ; 4.947 ; 4.991 ;
; B7         ; S7          ; 4.429 ; 4.445 ; 5.048 ; 5.082 ;
+------------+-------------+-------+-------+-------+-------+


+----------------------------------------------------------+
; Minimum Propagation Delay                                ;
+------------+-------------+-------+-------+-------+-------+
; Input Port ; Output Port ; RR    ; RF    ; FR    ; FF    ;
+------------+-------------+-------+-------+-------+-------+
; A0         ; C8          ; 5.504 ; 5.527 ; 6.095 ; 6.118 ;
; A0         ; S0          ; 4.100 ; 4.123 ; 4.689 ; 4.732 ;
; A0         ; S1          ; 4.360 ; 4.389 ; 4.951 ; 4.980 ;
; A0         ; S2          ; 4.169 ; 4.197 ; 4.760 ; 4.788 ;
; A0         ; S3          ; 4.336 ; 4.339 ; 4.927 ; 4.930 ;
; A0         ; S4          ; 5.107 ; 5.128 ; 5.698 ; 5.719 ;
; A0         ; S5          ; 5.165 ; 5.220 ; 5.756 ; 5.811 ;
; A0         ; S6          ; 5.558 ; 5.580 ; 6.149 ; 6.171 ;
; A0         ; S7          ; 5.192 ; 5.218 ; 5.783 ; 5.809 ;
; A1         ; C8          ; 5.182 ; 5.205 ; 5.741 ; 5.764 ;
; A1         ; S1          ; 4.038 ; 4.067 ; 4.597 ; 4.626 ;
; A1         ; S2          ; 3.847 ; 3.875 ; 4.406 ; 4.434 ;
; A1         ; S3          ; 4.014 ; 4.017 ; 4.573 ; 4.576 ;
; A1         ; S4          ; 4.785 ; 4.806 ; 5.344 ; 5.365 ;
; A1         ; S5          ; 4.843 ; 4.898 ; 5.402 ; 5.457 ;
; A1         ; S6          ; 5.236 ; 5.258 ; 5.795 ; 5.817 ;
; A1         ; S7          ; 4.870 ; 4.896 ; 5.429 ; 5.455 ;
; A2         ; C8          ; 5.142 ; 5.165 ; 5.742 ; 5.765 ;
; A2         ; S1          ; 4.383 ; 4.401 ; 4.983 ; 5.001 ;
; A2         ; S2          ; 3.956 ; 3.959 ; 4.555 ; 4.558 ;
; A2         ; S3          ; 3.974 ; 3.977 ; 4.574 ; 4.577 ;
; A2         ; S4          ; 4.745 ; 4.766 ; 5.345 ; 5.366 ;
; A2         ; S5          ; 4.803 ; 4.858 ; 5.403 ; 5.458 ;
; A2         ; S6          ; 5.196 ; 5.218 ; 5.796 ; 5.818 ;
; A2         ; S7          ; 4.830 ; 4.856 ; 5.430 ; 5.456 ;
; A3         ; C8          ; 4.925 ; 4.948 ; 5.561 ; 5.604 ;
; A3         ; S1          ; 4.166 ; 4.184 ; 4.737 ; 4.775 ;
; A3         ; S2          ; 3.973 ; 3.972 ; 4.543 ; 4.561 ;
; A3         ; S3          ; 3.749 ; 3.774 ; 4.341 ; 4.317 ;
; A3         ; S4          ; 4.528 ; 4.549 ; 5.157 ; 5.171 ;
; A3         ; S5          ; 4.586 ; 4.641 ; 5.235 ; 5.288 ;
; A3         ; S6          ; 4.979 ; 5.001 ; 5.622 ; 5.664 ;
; A3         ; S7          ; 4.613 ; 4.639 ; 5.262 ; 5.269 ;
; A4         ; C8          ; 4.431 ; 4.454 ; 5.030 ; 5.073 ;
; A4         ; S4          ; 4.034 ; 4.062 ; 4.632 ; 4.642 ;
; A4         ; S5          ; 4.476 ; 4.533 ; 5.075 ; 5.132 ;
; A4         ; S6          ; 4.649 ; 4.684 ; 5.302 ; 5.319 ;
; A4         ; S7          ; 4.562 ; 4.580 ; 5.202 ; 5.220 ;
; A5         ; C8          ; 3.980 ; 4.008 ; 4.566 ; 4.587 ;
; A5         ; S5          ; 4.025 ; 4.082 ; 4.611 ; 4.668 ;
; A5         ; S6          ; 4.196 ; 4.231 ; 4.816 ; 4.833 ;
; A5         ; S7          ; 4.109 ; 4.127 ; 4.716 ; 4.734 ;
; A6         ; C8          ; 3.842 ; 3.849 ; 4.394 ; 4.420 ;
; A6         ; S5          ; 4.113 ; 4.162 ; 4.665 ; 4.714 ;
; A6         ; S6          ; 4.270 ; 4.299 ; 4.822 ; 4.851 ;
; A6         ; S7          ; 3.959 ; 3.977 ; 4.511 ; 4.529 ;
; A7         ; C8          ; 3.912 ;       ;       ; 4.502 ;
; A7         ; S5          ; 4.183 ; 4.232 ; 4.796 ; 4.838 ;
; A7         ; S6          ; 4.342 ; 4.369 ; 4.956 ; 4.976 ;
; A7         ; S7          ; 4.179 ; 4.197 ; 4.778 ; 4.796 ;
; B0         ; C8          ; 5.516 ; 5.539 ; 6.135 ; 6.158 ;
; B0         ; S0          ; 4.112 ; 4.148 ; 4.732 ; 4.751 ;
; B0         ; S1          ; 4.372 ; 4.401 ; 4.991 ; 5.020 ;
; B0         ; S2          ; 4.181 ; 4.209 ; 4.800 ; 4.828 ;
; B0         ; S3          ; 4.348 ; 4.351 ; 4.967 ; 4.970 ;
; B0         ; S4          ; 5.119 ; 5.140 ; 5.738 ; 5.759 ;
; B0         ; S5          ; 5.177 ; 5.232 ; 5.796 ; 5.851 ;
; B0         ; S6          ; 5.570 ; 5.592 ; 6.189 ; 6.211 ;
; B0         ; S7          ; 5.204 ; 5.230 ; 5.823 ; 5.849 ;
; B1         ; C8          ; 5.220 ; 5.243 ; 5.785 ; 5.808 ;
; B1         ; S1          ; 4.076 ; 4.105 ; 4.641 ; 4.670 ;
; B1         ; S2          ; 3.885 ; 3.913 ; 4.450 ; 4.477 ;
; B1         ; S3          ; 4.052 ; 4.055 ; 4.617 ; 4.620 ;
; B1         ; S4          ; 4.823 ; 4.844 ; 5.388 ; 5.409 ;
; B1         ; S5          ; 4.881 ; 4.936 ; 5.446 ; 5.501 ;
; B1         ; S6          ; 5.274 ; 5.296 ; 5.839 ; 5.861 ;
; B1         ; S7          ; 4.908 ; 4.934 ; 5.473 ; 5.499 ;
; B2         ; C8          ; 4.840 ; 4.863 ; 5.371 ; 5.394 ;
; B2         ; S1          ; 4.081 ; 4.099 ; 4.612 ; 4.630 ;
; B2         ; S2          ; 3.693 ; 3.696 ; 4.255 ; 4.258 ;
; B2         ; S3          ; 3.672 ; 3.675 ; 4.203 ; 4.206 ;
; B2         ; S4          ; 4.443 ; 4.464 ; 4.974 ; 4.995 ;
; B2         ; S5          ; 4.501 ; 4.556 ; 5.032 ; 5.087 ;
; B2         ; S6          ; 4.894 ; 4.916 ; 5.425 ; 5.447 ;
; B2         ; S7          ; 4.528 ; 4.554 ; 5.059 ; 5.085 ;
; B3         ; C8          ; 4.887 ; 4.910 ; 5.527 ; 5.570 ;
; B3         ; S1          ; 4.128 ; 4.146 ; 4.703 ; 4.741 ;
; B3         ; S2          ; 3.935 ; 3.934 ; 4.509 ; 4.527 ;
; B3         ; S3          ; 3.714 ; 3.738 ; 4.317 ; 4.287 ;
; B3         ; S4          ; 4.490 ; 4.511 ; 5.123 ; 5.137 ;
; B3         ; S5          ; 4.548 ; 4.603 ; 5.201 ; 5.254 ;
; B3         ; S6          ; 4.941 ; 4.963 ; 5.588 ; 5.630 ;
; B3         ; S7          ; 4.575 ; 4.601 ; 5.228 ; 5.235 ;
; B4         ; C8          ; 4.397 ; 4.433 ; 5.019 ; 5.051 ;
; B4         ; S4          ; 3.958 ; 3.974 ; 4.521 ; 4.557 ;
; B4         ; S5          ; 4.442 ; 4.499 ; 5.064 ; 5.121 ;
; B4         ; S6          ; 4.620 ; 4.655 ; 5.268 ; 5.285 ;
; B4         ; S7          ; 4.533 ; 4.551 ; 5.168 ; 5.186 ;
; B5         ; C8          ; 3.910 ; 3.946 ; 4.464 ; 4.482 ;
; B5         ; S5          ; 3.955 ; 4.012 ; 4.509 ; 4.566 ;
; B5         ; S6          ; 4.131 ; 4.166 ; 4.712 ; 4.729 ;
; B5         ; S7          ; 4.044 ; 4.062 ; 4.612 ; 4.630 ;
; B6         ; C8          ; 3.772 ; 3.788 ; 4.337 ; 4.351 ;
; B6         ; S5          ; 4.043 ; 4.092 ; 4.608 ; 4.657 ;
; B6         ; S6          ; 4.177 ; 4.212 ; 4.743 ; 4.778 ;
; B6         ; S7          ; 3.869 ; 3.887 ; 4.437 ; 4.448 ;
; B7         ; C8          ; 3.577 ;       ;       ; 4.118 ;
; B7         ; S5          ; 3.848 ; 3.897 ; 4.412 ; 4.454 ;
; B7         ; S6          ; 4.007 ; 4.034 ; 4.572 ; 4.592 ;
; B7         ; S7          ; 3.672 ; 3.698 ; 4.225 ; 4.233 ;
+------------+-------------+-------+-------+-------+-------+


---------------------------------------------
; Fast 1200mV 0C Model Metastability Report ;
---------------------------------------------
No synchronizer chains to report.


+----------------------------------------------------------------------------+
; Multicorner Timing Analysis Summary                                        ;
+------------------+-------+------+----------+---------+---------------------+
; Clock            ; Setup ; Hold ; Recovery ; Removal ; Minimum Pulse Width ;
+------------------+-------+------+----------+---------+---------------------+
; Worst-case Slack ; N/A   ; N/A  ; N/A      ; N/A     ; N/A                 ;
; Design-wide TNS  ; 0.0   ; 0.0  ; 0.0      ; 0.0     ; 0.0                 ;
+------------------+-------+------+----------+---------+---------------------+


+--------------------------------------------------------------+
; Propagation Delay                                            ;
+------------+-------------+--------+--------+--------+--------+
; Input Port ; Output Port ; RR     ; RF     ; FR     ; FF     ;
+------------+-------------+--------+--------+--------+--------+
; A0         ; C8          ; 10.441 ; 10.405 ; 11.054 ; 11.018 ;
; A0         ; S0          ; 7.027  ; 7.017  ; 7.453  ; 7.475  ;
; A0         ; S1          ; 8.453  ; 8.437  ; 9.020  ; 9.036  ;
; A0         ; S2          ; 8.134  ; 8.114  ; 8.700  ; 8.712  ;
; A0         ; S3          ; 7.702  ; 7.684  ; 8.233  ; 8.247  ;
; A0         ; S4          ; 9.130  ; 9.117  ; 9.719  ; 9.697  ;
; A0         ; S5          ; 11.086 ; 11.015 ; 11.699 ; 11.628 ;
; A0         ; S6          ; 11.658 ; 11.688 ; 12.271 ; 12.301 ;
; A0         ; S7          ; 11.891 ; 11.896 ; 12.504 ; 12.509 ;
; A1         ; C8          ; 9.958  ; 9.922  ; 10.508 ; 10.472 ;
; A1         ; S1          ; 7.924  ; 7.940  ; 8.474  ; 8.490  ;
; A1         ; S2          ; 7.604  ; 7.616  ; 8.154  ; 8.166  ;
; A1         ; S3          ; 7.174  ; 7.149  ; 7.687  ; 7.701  ;
; A1         ; S4          ; 8.623  ; 8.601  ; 9.173  ; 9.151  ;
; A1         ; S5          ; 10.603 ; 10.532 ; 11.153 ; 11.082 ;
; A1         ; S6          ; 11.175 ; 11.205 ; 11.725 ; 11.755 ;
; A1         ; S7          ; 11.408 ; 11.413 ; 11.958 ; 11.963 ;
; A2         ; C8          ; 9.640  ; 9.604  ; 10.223 ; 10.187 ;
; A2         ; S1          ; 7.703  ; 7.687  ; 8.189  ; 8.205  ;
; A2         ; S2          ; 7.384  ; 7.364  ; 7.869  ; 7.881  ;
; A2         ; S3          ; 6.952  ; 6.934  ; 7.402  ; 7.416  ;
; A2         ; S4          ; 8.380  ; 8.367  ; 8.888  ; 8.866  ;
; A2         ; S5          ; 10.285 ; 10.214 ; 10.868 ; 10.797 ;
; A2         ; S6          ; 10.857 ; 10.887 ; 11.440 ; 11.470 ;
; A2         ; S7          ; 11.090 ; 11.095 ; 11.673 ; 11.678 ;
; A3         ; C8          ; 9.088  ; 9.109  ; 9.700  ; 9.664  ;
; A3         ; S1          ; 7.212  ; 7.196  ; 7.666  ; 7.682  ;
; A3         ; S2          ; 6.893  ; 6.873  ; 7.346  ; 7.358  ;
; A3         ; S3          ; 6.471  ; 6.487  ; 6.899  ; 6.871  ;
; A3         ; S4          ; 7.889  ; 7.876  ; 8.365  ; 8.343  ;
; A3         ; S5          ; 9.790  ; 9.717  ; 10.345 ; 10.274 ;
; A3         ; S6          ; 10.362 ; 10.392 ; 10.917 ; 10.947 ;
; A3         ; S7          ; 10.595 ; 10.600 ; 11.150 ; 11.155 ;
; A4         ; C8          ; 8.179  ; 8.200  ; 8.800  ; 8.764  ;
; A4         ; S4          ; 6.991  ; 7.002  ; 7.452  ; 7.460  ;
; A4         ; S5          ; 8.881  ; 8.808  ; 9.445  ; 9.374  ;
; A4         ; S6          ; 9.453  ; 9.483  ; 10.017 ; 10.047 ;
; A4         ; S7          ; 9.686  ; 9.691  ; 10.250 ; 10.255 ;
; A5         ; C8          ; 7.155  ; 7.176  ; 7.657  ; 7.621  ;
; A5         ; S5          ; 7.857  ; 7.784  ; 8.302  ; 8.231  ;
; A5         ; S6          ; 8.429  ; 8.459  ; 8.874  ; 8.904  ;
; A5         ; S7          ; 8.662  ; 8.667  ; 9.107  ; 9.112  ;
; A6         ; C8          ; 6.719  ; 6.591  ; 6.999  ; 7.152  ;
; A6         ; S5          ; 7.357  ; 7.293  ; 7.833  ; 7.760  ;
; A6         ; S6          ; 7.930  ; 7.928  ; 8.405  ; 8.435  ;
; A6         ; S7          ; 8.131  ; 8.104  ; 8.638  ; 8.643  ;
; A7         ; C8          ; 6.742  ;        ;        ; 7.216  ;
; A7         ; S5          ; 7.380  ; 7.316  ; 7.897  ; 7.824  ;
; A7         ; S6          ; 7.953  ; 7.951  ; 8.469  ; 8.499  ;
; A7         ; S7          ; 8.154  ; 8.127  ; 8.702  ; 8.707  ;
; B0         ; C8          ; 10.597 ; 10.561 ; 11.180 ; 11.144 ;
; B0         ; S0          ; 7.156  ; 7.176  ; 7.628  ; 7.634  ;
; B0         ; S1          ; 8.563  ; 8.579  ; 9.146  ; 9.162  ;
; B0         ; S2          ; 8.243  ; 8.255  ; 8.826  ; 8.838  ;
; B0         ; S3          ; 7.813  ; 7.788  ; 8.359  ; 8.373  ;
; B0         ; S4          ; 9.262  ; 9.240  ; 9.845  ; 9.823  ;
; B0         ; S5          ; 11.242 ; 11.171 ; 11.825 ; 11.754 ;
; B0         ; S6          ; 11.814 ; 11.844 ; 12.397 ; 12.427 ;
; B0         ; S7          ; 12.047 ; 12.052 ; 12.630 ; 12.635 ;
; B1         ; C8          ; 9.937  ; 9.901  ; 10.495 ; 10.459 ;
; B1         ; S1          ; 7.946  ; 7.930  ; 8.461  ; 8.477  ;
; B1         ; S2          ; 7.627  ; 7.607  ; 8.141  ; 8.153  ;
; B1         ; S3          ; 7.195  ; 7.177  ; 7.674  ; 7.688  ;
; B1         ; S4          ; 8.623  ; 8.610  ; 9.160  ; 9.138  ;
; B1         ; S5          ; 10.582 ; 10.511 ; 11.140 ; 11.069 ;
; B1         ; S6          ; 11.154 ; 11.184 ; 11.712 ; 11.742 ;
; B1         ; S7          ; 11.387 ; 11.392 ; 11.945 ; 11.950 ;
; B2         ; C8          ; 9.178  ; 9.199  ; 9.847  ; 9.811  ;
; B2         ; S1          ; 7.302  ; 7.286  ; 7.813  ; 7.829  ;
; B2         ; S2          ; 6.983  ; 6.963  ; 7.493  ; 7.505  ;
; B2         ; S3          ; 6.551  ; 6.533  ; 7.026  ; 7.040  ;
; B2         ; S4          ; 7.979  ; 7.966  ; 8.512  ; 8.490  ;
; B2         ; S5          ; 9.880  ; 9.807  ; 10.492 ; 10.421 ;
; B2         ; S6          ; 10.452 ; 10.482 ; 11.064 ; 11.094 ;
; B2         ; S7          ; 10.685 ; 10.690 ; 11.297 ; 11.302 ;
; B3         ; C8          ; 9.047  ; 9.068  ; 9.678  ; 9.642  ;
; B3         ; S1          ; 7.171  ; 7.155  ; 7.644  ; 7.660  ;
; B3         ; S2          ; 6.852  ; 6.832  ; 7.324  ; 7.336  ;
; B3         ; S3          ; 6.429  ; 6.448  ; 6.889  ; 6.851  ;
; B3         ; S4          ; 7.848  ; 7.835  ; 8.343  ; 8.321  ;
; B3         ; S5          ; 9.749  ; 9.676  ; 10.323 ; 10.252 ;
; B3         ; S6          ; 10.321 ; 10.351 ; 10.895 ; 10.925 ;
; B3         ; S7          ; 10.554 ; 10.559 ; 11.128 ; 11.133 ;
; B4         ; C8          ; 7.986  ; 8.007  ; 8.566  ; 8.530  ;
; B4         ; S4          ; 6.786  ; 6.771  ; 7.188  ; 7.205  ;
; B4         ; S5          ; 8.688  ; 8.615  ; 9.211  ; 9.140  ;
; B4         ; S6          ; 9.260  ; 9.290  ; 9.783  ; 9.813  ;
; B4         ; S7          ; 9.493  ; 9.498  ; 10.016 ; 10.021 ;
; B5         ; C8          ; 7.085  ; 7.106  ; 7.604  ; 7.568  ;
; B5         ; S5          ; 7.787  ; 7.714  ; 8.249  ; 8.178  ;
; B5         ; S6          ; 8.359  ; 8.389  ; 8.821  ; 8.851  ;
; B5         ; S7          ; 8.592  ; 8.597  ; 9.054  ; 9.059  ;
; B6         ; C8          ; 6.599  ; 6.516  ; 6.955  ; 7.060  ;
; B6         ; S5          ; 7.237  ; 7.173  ; 7.741  ; 7.668  ;
; B6         ; S6          ; 7.810  ; 7.808  ; 8.313  ; 8.343  ;
; B6         ; S7          ; 8.011  ; 8.007  ; 8.546  ; 8.551  ;
; B7         ; C8          ; 6.163  ;        ;        ; 6.594  ;
; B7         ; S5          ; 6.801  ; 6.737  ; 7.275  ; 7.202  ;
; B7         ; S6          ; 7.374  ; 7.372  ; 7.847  ; 7.877  ;
; B7         ; S7          ; 7.575  ; 7.548  ; 8.080  ; 8.085  ;
+------------+-------------+--------+--------+--------+--------+


+----------------------------------------------------------+
; Minimum Propagation Delay                                ;
+------------+-------------+-------+-------+-------+-------+
; Input Port ; Output Port ; RR    ; RF    ; FR    ; FF    ;
+------------+-------------+-------+-------+-------+-------+
; A0         ; C8          ; 5.504 ; 5.527 ; 6.095 ; 6.118 ;
; A0         ; S0          ; 4.100 ; 4.123 ; 4.689 ; 4.732 ;
; A0         ; S1          ; 4.360 ; 4.389 ; 4.951 ; 4.980 ;
; A0         ; S2          ; 4.169 ; 4.197 ; 4.760 ; 4.788 ;
; A0         ; S3          ; 4.336 ; 4.339 ; 4.927 ; 4.930 ;
; A0         ; S4          ; 5.107 ; 5.128 ; 5.698 ; 5.719 ;
; A0         ; S5          ; 5.165 ; 5.220 ; 5.756 ; 5.811 ;
; A0         ; S6          ; 5.558 ; 5.580 ; 6.149 ; 6.171 ;
; A0         ; S7          ; 5.192 ; 5.218 ; 5.783 ; 5.809 ;
; A1         ; C8          ; 5.182 ; 5.205 ; 5.741 ; 5.764 ;
; A1         ; S1          ; 4.038 ; 4.067 ; 4.597 ; 4.626 ;
; A1         ; S2          ; 3.847 ; 3.875 ; 4.406 ; 4.434 ;
; A1         ; S3          ; 4.014 ; 4.017 ; 4.573 ; 4.576 ;
; A1         ; S4          ; 4.785 ; 4.806 ; 5.344 ; 5.365 ;
; A1         ; S5          ; 4.843 ; 4.898 ; 5.402 ; 5.457 ;
; A1         ; S6          ; 5.236 ; 5.258 ; 5.795 ; 5.817 ;
; A1         ; S7          ; 4.870 ; 4.896 ; 5.429 ; 5.455 ;
; A2         ; C8          ; 5.142 ; 5.165 ; 5.742 ; 5.765 ;
; A2         ; S1          ; 4.383 ; 4.401 ; 4.983 ; 5.001 ;
; A2         ; S2          ; 3.956 ; 3.959 ; 4.555 ; 4.558 ;
; A2         ; S3          ; 3.974 ; 3.977 ; 4.574 ; 4.577 ;
; A2         ; S4          ; 4.745 ; 4.766 ; 5.345 ; 5.366 ;
; A2         ; S5          ; 4.803 ; 4.858 ; 5.403 ; 5.458 ;
; A2         ; S6          ; 5.196 ; 5.218 ; 5.796 ; 5.818 ;
; A2         ; S7          ; 4.830 ; 4.856 ; 5.430 ; 5.456 ;
; A3         ; C8          ; 4.925 ; 4.948 ; 5.561 ; 5.604 ;
; A3         ; S1          ; 4.166 ; 4.184 ; 4.737 ; 4.775 ;
; A3         ; S2          ; 3.973 ; 3.972 ; 4.543 ; 4.561 ;
; A3         ; S3          ; 3.749 ; 3.774 ; 4.341 ; 4.317 ;
; A3         ; S4          ; 4.528 ; 4.549 ; 5.157 ; 5.171 ;
; A3         ; S5          ; 4.586 ; 4.641 ; 5.235 ; 5.288 ;
; A3         ; S6          ; 4.979 ; 5.001 ; 5.622 ; 5.664 ;
; A3         ; S7          ; 4.613 ; 4.639 ; 5.262 ; 5.269 ;
; A4         ; C8          ; 4.431 ; 4.454 ; 5.030 ; 5.073 ;
; A4         ; S4          ; 4.034 ; 4.062 ; 4.632 ; 4.642 ;
; A4         ; S5          ; 4.476 ; 4.533 ; 5.075 ; 5.132 ;
; A4         ; S6          ; 4.649 ; 4.684 ; 5.302 ; 5.319 ;
; A4         ; S7          ; 4.562 ; 4.580 ; 5.202 ; 5.220 ;
; A5         ; C8          ; 3.980 ; 4.008 ; 4.566 ; 4.587 ;
; A5         ; S5          ; 4.025 ; 4.082 ; 4.611 ; 4.668 ;
; A5         ; S6          ; 4.196 ; 4.231 ; 4.816 ; 4.833 ;
; A5         ; S7          ; 4.109 ; 4.127 ; 4.716 ; 4.734 ;
; A6         ; C8          ; 3.842 ; 3.849 ; 4.394 ; 4.420 ;
; A6         ; S5          ; 4.113 ; 4.162 ; 4.665 ; 4.714 ;
; A6         ; S6          ; 4.270 ; 4.299 ; 4.822 ; 4.851 ;
; A6         ; S7          ; 3.959 ; 3.977 ; 4.511 ; 4.529 ;
; A7         ; C8          ; 3.912 ;       ;       ; 4.502 ;
; A7         ; S5          ; 4.183 ; 4.232 ; 4.796 ; 4.838 ;
; A7         ; S6          ; 4.342 ; 4.369 ; 4.956 ; 4.976 ;
; A7         ; S7          ; 4.179 ; 4.197 ; 4.778 ; 4.796 ;
; B0         ; C8          ; 5.516 ; 5.539 ; 6.135 ; 6.158 ;
; B0         ; S0          ; 4.112 ; 4.148 ; 4.732 ; 4.751 ;
; B0         ; S1          ; 4.372 ; 4.401 ; 4.991 ; 5.020 ;
; B0         ; S2          ; 4.181 ; 4.209 ; 4.800 ; 4.828 ;
; B0         ; S3          ; 4.348 ; 4.351 ; 4.967 ; 4.970 ;
; B0         ; S4          ; 5.119 ; 5.140 ; 5.738 ; 5.759 ;
; B0         ; S5          ; 5.177 ; 5.232 ; 5.796 ; 5.851 ;
; B0         ; S6          ; 5.570 ; 5.592 ; 6.189 ; 6.211 ;
; B0         ; S7          ; 5.204 ; 5.230 ; 5.823 ; 5.849 ;
; B1         ; C8          ; 5.220 ; 5.243 ; 5.785 ; 5.808 ;
; B1         ; S1          ; 4.076 ; 4.105 ; 4.641 ; 4.670 ;
; B1         ; S2          ; 3.885 ; 3.913 ; 4.450 ; 4.477 ;
; B1         ; S3          ; 4.052 ; 4.055 ; 4.617 ; 4.620 ;
; B1         ; S4          ; 4.823 ; 4.844 ; 5.388 ; 5.409 ;
; B1         ; S5          ; 4.881 ; 4.936 ; 5.446 ; 5.501 ;
; B1         ; S6          ; 5.274 ; 5.296 ; 5.839 ; 5.861 ;
; B1         ; S7          ; 4.908 ; 4.934 ; 5.473 ; 5.499 ;
; B2         ; C8          ; 4.840 ; 4.863 ; 5.371 ; 5.394 ;
; B2         ; S1          ; 4.081 ; 4.099 ; 4.612 ; 4.630 ;
; B2         ; S2          ; 3.693 ; 3.696 ; 4.255 ; 4.258 ;
; B2         ; S3          ; 3.672 ; 3.675 ; 4.203 ; 4.206 ;
; B2         ; S4          ; 4.443 ; 4.464 ; 4.974 ; 4.995 ;
; B2         ; S5          ; 4.501 ; 4.556 ; 5.032 ; 5.087 ;
; B2         ; S6          ; 4.894 ; 4.916 ; 5.425 ; 5.447 ;
; B2         ; S7          ; 4.528 ; 4.554 ; 5.059 ; 5.085 ;
; B3         ; C8          ; 4.887 ; 4.910 ; 5.527 ; 5.570 ;
; B3         ; S1          ; 4.128 ; 4.146 ; 4.703 ; 4.741 ;
; B3         ; S2          ; 3.935 ; 3.934 ; 4.509 ; 4.527 ;
; B3         ; S3          ; 3.714 ; 3.738 ; 4.317 ; 4.287 ;
; B3         ; S4          ; 4.490 ; 4.511 ; 5.123 ; 5.137 ;
; B3         ; S5          ; 4.548 ; 4.603 ; 5.201 ; 5.254 ;
; B3         ; S6          ; 4.941 ; 4.963 ; 5.588 ; 5.630 ;
; B3         ; S7          ; 4.575 ; 4.601 ; 5.228 ; 5.235 ;
; B4         ; C8          ; 4.397 ; 4.433 ; 5.019 ; 5.051 ;
; B4         ; S4          ; 3.958 ; 3.974 ; 4.521 ; 4.557 ;
; B4         ; S5          ; 4.442 ; 4.499 ; 5.064 ; 5.121 ;
; B4         ; S6          ; 4.620 ; 4.655 ; 5.268 ; 5.285 ;
; B4         ; S7          ; 4.533 ; 4.551 ; 5.168 ; 5.186 ;
; B5         ; C8          ; 3.910 ; 3.946 ; 4.464 ; 4.482 ;
; B5         ; S5          ; 3.955 ; 4.012 ; 4.509 ; 4.566 ;
; B5         ; S6          ; 4.131 ; 4.166 ; 4.712 ; 4.729 ;
; B5         ; S7          ; 4.044 ; 4.062 ; 4.612 ; 4.630 ;
; B6         ; C8          ; 3.772 ; 3.788 ; 4.337 ; 4.351 ;
; B6         ; S5          ; 4.043 ; 4.092 ; 4.608 ; 4.657 ;
; B6         ; S6          ; 4.177 ; 4.212 ; 4.743 ; 4.778 ;
; B6         ; S7          ; 3.869 ; 3.887 ; 4.437 ; 4.448 ;
; B7         ; C8          ; 3.577 ;       ;       ; 4.118 ;
; B7         ; S5          ; 3.848 ; 3.897 ; 4.412 ; 4.454 ;
; B7         ; S6          ; 4.007 ; 4.034 ; 4.572 ; 4.592 ;
; B7         ; S7          ; 3.672 ; 3.698 ; 4.225 ; 4.233 ;
+------------+-------------+-------+-------+-------+-------+


+------------------------------------------------------------------------------------------------------------------------------------------------------------------------------------------------------------------------------------------------------------------------------------------------------------------------------------------------------------------------------------------------------------------+
; Board Trace Model Assignments                                                                                                                                                                                                                                                                                                                                                                                    ;
+---------------+--------------+-------------------+-------------------------+-------------------------+---------------+---------------------+----------------+------------------+--------+------------------+------------------------+------------------------+--------------+---------------+-----------------+-------+---------------------+--------------------+---------------+-----------------+-------------+
; Pin           ; I/O Standard ; Near Tline Length ; Near Tline L per Length ; Near Tline C per Length ; Near Series R ; Near Differential R ; Near Pull-up R ; Near Pull-down R ; Near C ; Far Tline Length ; Far Tline L per Length ; Far Tline C per Length ; Far Series R ; Far Pull-up R ; Far Pull-down R ; Far C ; Termination Voltage ; Far Differential R ; EBD File Name ; EBD Signal Name ; EBD Far-end ;
+---------------+--------------+-------------------+-------------------------+-------------------------+---------------+---------------------+----------------+------------------+--------+------------------+------------------------+------------------------+--------------+---------------+-----------------+-------+---------------------+--------------------+---------------+-----------------+-------------+
; S3            ; 2.5 V        ; 0 in              ; 0 H/in                  ; 0 F/in                  ; short         ; -                   ; open           ; open             ; open   ; 0 in             ; 0 H/in                 ; 0 F/in                 ; short        ; open          ; open            ; open  ; 0 V                 ; -                  ; n/a           ; n/a             ; n/a         ;
; S2            ; 2.5 V        ; 0 in              ; 0 H/in                  ; 0 F/in                  ; short         ; -                   ; open           ; open             ; open   ; 0 in             ; 0 H/in                 ; 0 F/in                 ; short        ; open          ; open            ; open  ; 0 V                 ; -                  ; n/a           ; n/a             ; n/a         ;
; S1            ; 2.5 V        ; 0 in              ; 0 H/in                  ; 0 F/in                  ; short         ; -                   ; open           ; open             ; open   ; 0 in             ; 0 H/in                 ; 0 F/in                 ; short        ; open          ; open            ; open  ; 0 V                 ; -                  ; n/a           ; n/a             ; n/a         ;
; S0            ; 2.5 V        ; 0 in              ; 0 H/in                  ; 0 F/in                  ; short         ; -                   ; open           ; open             ; open   ; 0 in             ; 0 H/in                 ; 0 F/in                 ; short        ; open          ; open            ; open  ; 0 V                 ; -                  ; n/a           ; n/a             ; n/a         ;
; S7            ; 2.5 V        ; 0 in              ; 0 H/in                  ; 0 F/in                  ; short         ; -                   ; open           ; open             ; open   ; 0 in             ; 0 H/in                 ; 0 F/in                 ; short        ; open          ; open            ; open  ; 0 V                 ; -                  ; n/a           ; n/a             ; n/a         ;
; S6            ; 2.5 V        ; 0 in              ; 0 H/in                  ; 0 F/in                  ; short         ; -                   ; open           ; open             ; open   ; 0 in             ; 0 H/in                 ; 0 F/in                 ; short        ; open          ; open            ; open  ; 0 V                 ; -                  ; n/a           ; n/a             ; n/a         ;
; S5            ; 2.5 V        ; 0 in              ; 0 H/in                  ; 0 F/in                  ; short         ; -                   ; open           ; open             ; open   ; 0 in             ; 0 H/in                 ; 0 F/in                 ; short        ; open          ; open            ; open  ; 0 V                 ; -                  ; n/a           ; n/a             ; n/a         ;
; S4            ; 2.5 V        ; 0 in              ; 0 H/in                  ; 0 F/in                  ; short         ; -                   ; open           ; open             ; open   ; 0 in             ; 0 H/in                 ; 0 F/in                 ; short        ; open          ; open            ; open  ; 0 V                 ; -                  ; n/a           ; n/a             ; n/a         ;
; C8            ; 2.5 V        ; 0 in              ; 0 H/in                  ; 0 F/in                  ; short         ; -                   ; open           ; open             ; open   ; 0 in             ; 0 H/in                 ; 0 F/in                 ; short        ; open          ; open            ; open  ; 0 V                 ; -                  ; n/a           ; n/a             ; n/a         ;
; ~ALTERA_DCLK~ ; 2.5 V        ; 0 in              ; 0 H/in                  ; 0 F/in                  ; short         ; -                   ; open           ; open             ; open   ; 0 in             ; 0 H/in                 ; 0 F/in                 ; short        ; open          ; open            ; open  ; 0 V                 ; -                  ; n/a           ; n/a             ; n/a         ;
; ~ALTERA_nCEO~ ; 2.5 V        ; 0 in              ; 0 H/in                  ; 0 F/in                  ; short         ; -                   ; open           ; open             ; open   ; 0 in             ; 0 H/in                 ; 0 F/in                 ; short        ; open          ; open            ; open  ; 0 V                 ; -                  ; n/a           ; n/a             ; n/a         ;
+---------------+--------------+-------------------+-------------------------+-------------------------+---------------+---------------------+----------------+------------------+--------+------------------+------------------------+------------------------+--------------+---------------+-----------------+-------+---------------------+--------------------+---------------+-----------------+-------------+


+----------------------------------------------------------------------------+
; Input Transition Times                                                     ;
+-------------------------+--------------+-----------------+-----------------+
; Pin                     ; I/O Standard ; 10-90 Rise Time ; 90-10 Fall Time ;
+-------------------------+--------------+-----------------+-----------------+
; B3                      ; 2.5 V        ; 2000 ps         ; 2000 ps         ;
; A3                      ; 2.5 V        ; 2000 ps         ; 2000 ps         ;
; A2                      ; 2.5 V        ; 2000 ps         ; 2000 ps         ;
; B2                      ; 2.5 V        ; 2000 ps         ; 2000 ps         ;
; B0                      ; 2.5 V        ; 2000 ps         ; 2000 ps         ;
; A0                      ; 2.5 V        ; 2000 ps         ; 2000 ps         ;
; A1                      ; 2.5 V        ; 2000 ps         ; 2000 ps         ;
; B1                      ; 2.5 V        ; 2000 ps         ; 2000 ps         ;
; B7                      ; 2.5 V        ; 2000 ps         ; 2000 ps         ;
; A4                      ; 2.5 V        ; 2000 ps         ; 2000 ps         ;
; B4                      ; 2.5 V        ; 2000 ps         ; 2000 ps         ;
; A5                      ; 2.5 V        ; 2000 ps         ; 2000 ps         ;
; B5                      ; 2.5 V        ; 2000 ps         ; 2000 ps         ;
; A6                      ; 2.5 V        ; 2000 ps         ; 2000 ps         ;
; B6                      ; 2.5 V        ; 2000 ps         ; 2000 ps         ;
; A7                      ; 2.5 V        ; 2000 ps         ; 2000 ps         ;
; ~ALTERA_ASDO_DATA1~     ; 2.5 V        ; 2000 ps         ; 2000 ps         ;
; ~ALTERA_FLASH_nCE_nCSO~ ; 2.5 V        ; 2000 ps         ; 2000 ps         ;
; ~ALTERA_DATA0~          ; 2.5 V        ; 2000 ps         ; 2000 ps         ;
+-------------------------+--------------+-----------------+-----------------+


+--------------------------------------------------------------------------------------------------------------------------------------------------------------------------------------------------------------------------------------------------------------------------------------------------------------------------------------------------------------------------------------------------------------------------------------------------------------------------------------------------------------------------------------------------------------------------------------------------------------------------------------------------------------------------------------------+
; Slow Corner Signal Integrity Metrics                                                                                                                                                                                                                                                                                                                                                                                                                                                                                                                                                                                                                                                       ;
+---------------+--------------+---------------------+---------------------+------------------------------+------------------------------+---------------------+---------------------+--------------------------------------+--------------------------------------+-----------------------------+-----------------------------+----------------------------+----------------------------+-----------------------------+-----------------------------+--------------------+--------------------+-------------------------------------+-------------------------------------+----------------------------+----------------------------+---------------------------+---------------------------+
; Pin           ; I/O Standard ; Board Delay on Rise ; Board Delay on Fall ; Steady State Voh at FPGA Pin ; Steady State Vol at FPGA Pin ; Voh Max at FPGA Pin ; Vol Min at FPGA Pin ; Ringback Voltage on Rise at FPGA Pin ; Ringback Voltage on Fall at FPGA Pin ; 10-90 Rise Time at FPGA Pin ; 90-10 Fall Time at FPGA Pin ; Monotonic Rise at FPGA Pin ; Monotonic Fall at FPGA Pin ; Steady State Voh at Far-end ; Steady State Vol at Far-end ; Voh Max at Far-end ; Vol Min at Far-end ; Ringback Voltage on Rise at Far-end ; Ringback Voltage on Fall at Far-end ; 10-90 Rise Time at Far-end ; 90-10 Fall Time at Far-end ; Monotonic Rise at Far-end ; Monotonic Fall at Far-end ;
+---------------+--------------+---------------------+---------------------+------------------------------+------------------------------+---------------------+---------------------+--------------------------------------+--------------------------------------+-----------------------------+-----------------------------+----------------------------+----------------------------+-----------------------------+-----------------------------+--------------------+--------------------+-------------------------------------+-------------------------------------+----------------------------+----------------------------+---------------------------+---------------------------+
; S3            ; 2.5 V        ; 0 s                 ; 0 s                 ; 2.32 V                       ; 7.25e-07 V                   ; 2.35 V              ; -0.0111 V           ; 0.113 V                              ; 0.035 V                              ; 7.76e-10 s                  ; 8.04e-10 s                  ; Yes                        ; Yes                        ; 2.32 V                      ; 7.25e-07 V                  ; 2.35 V             ; -0.0111 V          ; 0.113 V                             ; 0.035 V                             ; 7.76e-10 s                 ; 8.04e-10 s                 ; Yes                       ; Yes                       ;
; S2            ; 2.5 V        ; 0 s                 ; 0 s                 ; 2.32 V                       ; 7.25e-07 V                   ; 2.35 V              ; -0.0111 V           ; 0.113 V                              ; 0.035 V                              ; 7.76e-10 s                  ; 8.04e-10 s                  ; Yes                        ; Yes                        ; 2.32 V                      ; 7.25e-07 V                  ; 2.35 V             ; -0.0111 V          ; 0.113 V                             ; 0.035 V                             ; 7.76e-10 s                 ; 8.04e-10 s                 ; Yes                       ; Yes                       ;
; S1            ; 2.5 V        ; 0 s                 ; 0 s                 ; 2.32 V                       ; 7.25e-07 V                   ; 2.35 V              ; -0.0111 V           ; 0.113 V                              ; 0.035 V                              ; 7.76e-10 s                  ; 8.04e-10 s                  ; Yes                        ; Yes                        ; 2.32 V                      ; 7.25e-07 V                  ; 2.35 V             ; -0.0111 V          ; 0.113 V                             ; 0.035 V                             ; 7.76e-10 s                 ; 8.04e-10 s                 ; Yes                       ; Yes                       ;
; S0            ; 2.5 V        ; 0 s                 ; 0 s                 ; 2.32 V                       ; 7.25e-07 V                   ; 2.35 V              ; -0.0111 V           ; 0.113 V                              ; 0.035 V                              ; 7.76e-10 s                  ; 8.04e-10 s                  ; Yes                        ; Yes                        ; 2.32 V                      ; 7.25e-07 V                  ; 2.35 V             ; -0.0111 V          ; 0.113 V                             ; 0.035 V                             ; 7.76e-10 s                 ; 8.04e-10 s                 ; Yes                       ; Yes                       ;
; S7            ; 2.5 V        ; 0 s                 ; 0 s                 ; 2.32 V                       ; 7.25e-07 V                   ; 2.35 V              ; -0.0111 V           ; 0.113 V                              ; 0.035 V                              ; 7.76e-10 s                  ; 8.04e-10 s                  ; Yes                        ; Yes                        ; 2.32 V                      ; 7.25e-07 V                  ; 2.35 V             ; -0.0111 V          ; 0.113 V                             ; 0.035 V                             ; 7.76e-10 s                 ; 8.04e-10 s                 ; Yes                       ; Yes                       ;
; S6            ; 2.5 V        ; 0 s                 ; 0 s                 ; 2.32 V                       ; 7.25e-07 V                   ; 2.35 V              ; -0.0111 V           ; 0.113 V                              ; 0.035 V                              ; 7.76e-10 s                  ; 8.04e-10 s                  ; Yes                        ; Yes                        ; 2.32 V                      ; 7.25e-07 V                  ; 2.35 V             ; -0.0111 V          ; 0.113 V                             ; 0.035 V                             ; 7.76e-10 s                 ; 8.04e-10 s                 ; Yes                       ; Yes                       ;
; S5            ; 2.5 V        ; 0 s                 ; 0 s                 ; 2.32 V                       ; 1.08e-06 V                   ; 2.36 V              ; -0.0113 V           ; 0.122 V                              ; 0.022 V                              ; 4.5e-10 s                   ; 4.45e-10 s                  ; Yes                        ; Yes                        ; 2.32 V                      ; 1.08e-06 V                  ; 2.36 V             ; -0.0113 V          ; 0.122 V                             ; 0.022 V                             ; 4.5e-10 s                  ; 4.45e-10 s                 ; Yes                       ; Yes                       ;
; S4            ; 2.5 V        ; 0 s                 ; 0 s                 ; 2.32 V                       ; 7.25e-07 V                   ; 2.35 V              ; -0.0111 V           ; 0.113 V                              ; 0.035 V                              ; 7.76e-10 s                  ; 8.04e-10 s                  ; Yes                        ; Yes                        ; 2.32 V                      ; 7.25e-07 V                  ; 2.35 V             ; -0.0111 V          ; 0.113 V                             ; 0.035 V                             ; 7.76e-10 s                 ; 8.04e-10 s                 ; Yes                       ; Yes                       ;
; C8            ; 2.5 V        ; 0 s                 ; 0 s                 ; 2.32 V                       ; 7.25e-07 V                   ; 2.35 V              ; -0.0111 V           ; 0.113 V                              ; 0.035 V                              ; 7.76e-10 s                  ; 8.04e-10 s                  ; Yes                        ; Yes                        ; 2.32 V                      ; 7.25e-07 V                  ; 2.35 V             ; -0.0111 V          ; 0.113 V                             ; 0.035 V                             ; 7.76e-10 s                 ; 8.04e-10 s                 ; Yes                       ; Yes                       ;
; ~ALTERA_DCLK~ ; 2.5 V        ; 0 s                 ; 0 s                 ; 2.32 V                       ; 5.68e-07 V                   ; 2.35 V              ; -0.0132 V           ; 0.2 V                                ; 0.027 V                              ; 5.26e-10 s                  ; 4.81e-10 s                  ; Yes                        ; Yes                        ; 2.32 V                      ; 5.68e-07 V                  ; 2.35 V             ; -0.0132 V          ; 0.2 V                               ; 0.027 V                             ; 5.26e-10 s                 ; 4.81e-10 s                 ; Yes                       ; Yes                       ;
; ~ALTERA_nCEO~ ; 2.5 V        ; 0 s                 ; 0 s                 ; 2.32 V                       ; 9.36e-07 V                   ; 2.35 V              ; -0.00444 V          ; 0.18 V                               ; 0.019 V                              ; 7.23e-10 s                  ; 9.82e-10 s                  ; Yes                        ; Yes                        ; 2.32 V                      ; 9.36e-07 V                  ; 2.35 V             ; -0.00444 V         ; 0.18 V                              ; 0.019 V                             ; 7.23e-10 s                 ; 9.82e-10 s                 ; Yes                       ; Yes                       ;
+---------------+--------------+---------------------+---------------------+------------------------------+------------------------------+---------------------+---------------------+--------------------------------------+--------------------------------------+-----------------------------+-----------------------------+----------------------------+----------------------------+-----------------------------+-----------------------------+--------------------+--------------------+-------------------------------------+-------------------------------------+----------------------------+----------------------------+---------------------------+---------------------------+


+--------------------------------------------------------------------------------------------------------------------------------------------------------------------------------------------------------------------------------------------------------------------------------------------------------------------------------------------------------------------------------------------------------------------------------------------------------------------------------------------------------------------------------------------------------------------------------------------------------------------------------------------------------------------------------------------+
; Fast Corner Signal Integrity Metrics                                                                                                                                                                                                                                                                                                                                                                                                                                                                                                                                                                                                                                                       ;
+---------------+--------------+---------------------+---------------------+------------------------------+------------------------------+---------------------+---------------------+--------------------------------------+--------------------------------------+-----------------------------+-----------------------------+----------------------------+----------------------------+-----------------------------+-----------------------------+--------------------+--------------------+-------------------------------------+-------------------------------------+----------------------------+----------------------------+---------------------------+---------------------------+
; Pin           ; I/O Standard ; Board Delay on Rise ; Board Delay on Fall ; Steady State Voh at FPGA Pin ; Steady State Vol at FPGA Pin ; Voh Max at FPGA Pin ; Vol Min at FPGA Pin ; Ringback Voltage on Rise at FPGA Pin ; Ringback Voltage on Fall at FPGA Pin ; 10-90 Rise Time at FPGA Pin ; 90-10 Fall Time at FPGA Pin ; Monotonic Rise at FPGA Pin ; Monotonic Fall at FPGA Pin ; Steady State Voh at Far-end ; Steady State Vol at Far-end ; Voh Max at Far-end ; Vol Min at Far-end ; Ringback Voltage on Rise at Far-end ; Ringback Voltage on Fall at Far-end ; 10-90 Rise Time at Far-end ; 90-10 Fall Time at Far-end ; Monotonic Rise at Far-end ; Monotonic Fall at Far-end ;
+---------------+--------------+---------------------+---------------------+------------------------------+------------------------------+---------------------+---------------------+--------------------------------------+--------------------------------------+-----------------------------+-----------------------------+----------------------------+----------------------------+-----------------------------+-----------------------------+--------------------+--------------------+-------------------------------------+-------------------------------------+----------------------------+----------------------------+---------------------------+---------------------------+
; S3            ; 2.5 V        ; 0 s                 ; 0 s                 ; 2.62 V                       ; 2.78e-08 V                   ; 2.71 V              ; -0.0349 V           ; 0.253 V                              ; 0.069 V                              ; 4.96e-10 s                  ; 5.19e-10 s                  ; No                         ; Yes                        ; 2.62 V                      ; 2.78e-08 V                  ; 2.71 V             ; -0.0349 V          ; 0.253 V                             ; 0.069 V                             ; 4.96e-10 s                 ; 5.19e-10 s                 ; No                        ; Yes                       ;
; S2            ; 2.5 V        ; 0 s                 ; 0 s                 ; 2.62 V                       ; 2.78e-08 V                   ; 2.71 V              ; -0.0349 V           ; 0.253 V                              ; 0.069 V                              ; 4.96e-10 s                  ; 5.19e-10 s                  ; No                         ; Yes                        ; 2.62 V                      ; 2.78e-08 V                  ; 2.71 V             ; -0.0349 V          ; 0.253 V                             ; 0.069 V                             ; 4.96e-10 s                 ; 5.19e-10 s                 ; No                        ; Yes                       ;
; S1            ; 2.5 V        ; 0 s                 ; 0 s                 ; 2.62 V                       ; 2.78e-08 V                   ; 2.71 V              ; -0.0349 V           ; 0.253 V                              ; 0.069 V                              ; 4.96e-10 s                  ; 5.19e-10 s                  ; No                         ; Yes                        ; 2.62 V                      ; 2.78e-08 V                  ; 2.71 V             ; -0.0349 V          ; 0.253 V                             ; 0.069 V                             ; 4.96e-10 s                 ; 5.19e-10 s                 ; No                        ; Yes                       ;
; S0            ; 2.5 V        ; 0 s                 ; 0 s                 ; 2.62 V                       ; 2.78e-08 V                   ; 2.71 V              ; -0.0349 V           ; 0.253 V                              ; 0.069 V                              ; 4.96e-10 s                  ; 5.19e-10 s                  ; No                         ; Yes                        ; 2.62 V                      ; 2.78e-08 V                  ; 2.71 V             ; -0.0349 V          ; 0.253 V                             ; 0.069 V                             ; 4.96e-10 s                 ; 5.19e-10 s                 ; No                        ; Yes                       ;
; S7            ; 2.5 V        ; 0 s                 ; 0 s                 ; 2.62 V                       ; 2.78e-08 V                   ; 2.71 V              ; -0.0349 V           ; 0.253 V                              ; 0.069 V                              ; 4.96e-10 s                  ; 5.19e-10 s                  ; No                         ; Yes                        ; 2.62 V                      ; 2.78e-08 V                  ; 2.71 V             ; -0.0349 V          ; 0.253 V                             ; 0.069 V                             ; 4.96e-10 s                 ; 5.19e-10 s                 ; No                        ; Yes                       ;
; S6            ; 2.5 V        ; 0 s                 ; 0 s                 ; 2.62 V                       ; 2.78e-08 V                   ; 2.71 V              ; -0.0349 V           ; 0.253 V                              ; 0.069 V                              ; 4.96e-10 s                  ; 5.19e-10 s                  ; No                         ; Yes                        ; 2.62 V                      ; 2.78e-08 V                  ; 2.71 V             ; -0.0349 V          ; 0.253 V                             ; 0.069 V                             ; 4.96e-10 s                 ; 5.19e-10 s                 ; No                        ; Yes                       ;
; S5            ; 2.5 V        ; 0 s                 ; 0 s                 ; 2.62 V                       ; 4.11e-08 V                   ; 2.73 V              ; -0.0566 V           ; 0.191 V                              ; 0.12 V                               ; 2.69e-10 s                  ; 2.76e-10 s                  ; Yes                        ; Yes                        ; 2.62 V                      ; 4.11e-08 V                  ; 2.73 V             ; -0.0566 V          ; 0.191 V                             ; 0.12 V                              ; 2.69e-10 s                 ; 2.76e-10 s                 ; Yes                       ; Yes                       ;
; S4            ; 2.5 V        ; 0 s                 ; 0 s                 ; 2.62 V                       ; 2.78e-08 V                   ; 2.71 V              ; -0.0349 V           ; 0.253 V                              ; 0.069 V                              ; 4.96e-10 s                  ; 5.19e-10 s                  ; No                         ; Yes                        ; 2.62 V                      ; 2.78e-08 V                  ; 2.71 V             ; -0.0349 V          ; 0.253 V                             ; 0.069 V                             ; 4.96e-10 s                 ; 5.19e-10 s                 ; No                        ; Yes                       ;
; C8            ; 2.5 V        ; 0 s                 ; 0 s                 ; 2.62 V                       ; 2.78e-08 V                   ; 2.71 V              ; -0.0349 V           ; 0.253 V                              ; 0.069 V                              ; 4.96e-10 s                  ; 5.19e-10 s                  ; No                         ; Yes                        ; 2.62 V                      ; 2.78e-08 V                  ; 2.71 V             ; -0.0349 V          ; 0.253 V                             ; 0.069 V                             ; 4.96e-10 s                 ; 5.19e-10 s                 ; No                        ; Yes                       ;
; ~ALTERA_DCLK~ ; 2.5 V        ; 0 s                 ; 0 s                 ; 2.62 V                       ; 2.22e-08 V                   ; 2.72 V              ; -0.0747 V           ; 0.28 V                               ; 0.169 V                              ; 3.1e-10 s                   ; 3.01e-10 s                  ; No                         ; Yes                        ; 2.62 V                      ; 2.22e-08 V                  ; 2.72 V             ; -0.0747 V          ; 0.28 V                              ; 0.169 V                             ; 3.1e-10 s                  ; 3.01e-10 s                 ; No                        ; Yes                       ;
; ~ALTERA_nCEO~ ; 2.5 V        ; 0 s                 ; 0 s                 ; 2.62 V                       ; 3.53e-08 V                   ; 2.7 V               ; -0.0212 V           ; 0.204 V                              ; 0.049 V                              ; 4.85e-10 s                  ; 6.73e-10 s                  ; No                         ; Yes                        ; 2.62 V                      ; 3.53e-08 V                  ; 2.7 V              ; -0.0212 V          ; 0.204 V                             ; 0.049 V                             ; 4.85e-10 s                 ; 6.73e-10 s                 ; No                        ; Yes                       ;
+---------------+--------------+---------------------+---------------------+------------------------------+------------------------------+---------------------+---------------------+--------------------------------------+--------------------------------------+-----------------------------+-----------------------------+----------------------------+----------------------------+-----------------------------+-----------------------------+--------------------+--------------------+-------------------------------------+-------------------------------------+----------------------------+----------------------------+---------------------------+---------------------------+


-------------------
; Clock Transfers ;
-------------------
Nothing to report.


---------------
; Report TCCS ;
---------------
No dedicated SERDES Transmitter circuitry present in device or used in design


---------------
; Report RSKM ;
---------------
No non-DPA dedicated SERDES Receiver circuitry present in device or used in design


+------------------------------------------------+
; Unconstrained Paths                            ;
+---------------------------------+-------+------+
; Property                        ; Setup ; Hold ;
+---------------------------------+-------+------+
; Illegal Clocks                  ; 0     ; 0    ;
; Unconstrained Clocks            ; 0     ; 0    ;
; Unconstrained Input Ports       ; 16    ; 16   ;
; Unconstrained Input Port Paths  ; 100   ; 100  ;
; Unconstrained Output Ports      ; 9     ; 9    ;
; Unconstrained Output Port Paths ; 100   ; 100  ;
+---------------------------------+-------+------+


+------------------------------------+
; TimeQuest Timing Analyzer Messages ;
+------------------------------------+
Info: *******************************************************************
Info: Running Quartus II 32-bit TimeQuest Timing Analyzer
    Info: Version 13.1.0 Build 162 10/23/2013 SJ Web Edition
    Info: Processing started: Mon Sep  9 21:05:57 2019
Info: Command: quartus_sta BCD_adder_1D_G -c BCD_adder_1D_G
Info: qsta_default_script.tcl version: #1
Warning (20028): Parallel compilation is not licensed and has been disabled
Info (21077): Core supply voltage is 1.2V
Info (21077): Low junction temperature is 0 degrees C
Info (21077): High junction temperature is 85 degrees C
Critical Warning (332012): Synopsys Design Constraints File file not found: 'BCD_adder_1D_G.sdc'. A Synopsys Design Constraints File is required by the TimeQuest Timing Analyzer to get proper timing constraints. Without it, the Compiler will not properly optimize the design.
Info (332142): No user constrained base clocks found in the design. Calling "derive_clocks -period 1.0"
Info (332096): The command derive_clocks did not find any clocks to derive.  No clocks were created or changed.
Warning (332068): No clocks defined in design.
Info (332143): No user constrained clock uncertainty found in the design. Calling "derive_clock_uncertainty"
Info (332154): The derive_clock_uncertainty command did not apply clock uncertainty to any clock-to-clock transfers.
Info: Found TIMEQUEST_REPORT_SCRIPT_INCLUDE_DEFAULT_ANALYSIS = ON
Info (332159): No clocks to report
Info: Analyzing Slow 1200mV 85C Model
Info (332140): No fmax paths to report
Info (332140): No Setup paths to report
Info (332140): No Hold paths to report
Info (332140): No Recovery paths to report
Info (332140): No Removal paths to report
Info (332140): No Minimum Pulse Width paths to report
Info: Analyzing Slow 1200mV 0C Model
Info (334003): Started post-fitting delay annotation
Info (334004): Delay annotation completed successfully
Info (332142): No user constrained base clocks found in the design. Calling "derive_clocks -period 1.0"
Info (332096): The command derive_clocks did not find any clocks to derive.  No clocks were created or changed.
Warning (332068): No clocks defined in design.
Info (332154): The derive_clock_uncertainty command did not apply clock uncertainty to any clock-to-clock transfers.
Info (332140): No fmax paths to report
Info (332140): No Setup paths to report
Info (332140): No Hold paths to report
Info (332140): No Recovery paths to report
Info (332140): No Removal paths to report
Info (332140): No Minimum Pulse Width paths to report
Info: Analyzing Fast 1200mV 0C Model
Info (332142): No user constrained base clocks found in the design. Calling "derive_clocks -period 1.0"
Info (332096): The command derive_clocks did not find any clocks to derive.  No clocks were created or changed.
Warning (332068): No clocks defined in design.
Info (332154): The derive_clock_uncertainty command did not apply clock uncertainty to any clock-to-clock transfers.
Info (332140): No Setup paths to report
Info (332140): No Hold paths to report
Info (332140): No Recovery paths to report
Info (332140): No Removal paths to report
Info (332140): No Minimum Pulse Width paths to report
Info (332102): Design is not fully constrained for setup requirements
Info (332102): Design is not fully constrained for hold requirements
Info: Quartus II 32-bit TimeQuest Timing Analyzer was successful. 0 errors, 5 warnings
    Info: Peak virtual memory: 383 megabytes
    Info: Processing ended: Mon Sep  9 21:06:00 2019
    Info: Elapsed time: 00:00:03
    Info: Total CPU time (on all processors): 00:00:03


